Component: ARM Compiler 5.06 update 1 (build 61) Tool: armlink [4d35a8]

==============================================================================

Section Cross References

    lab_buttons.o(.text) refers to ece210_api.o(.text) for ece210_buttons_read
    main.o(.text) refers to ece210_api.o(.text) for ece210_initialize_board
    startup_tm4c123.o(RESET) refers to startup_tm4c123.o(STACK) for __initial_sp
    startup_tm4c123.o(RESET) refers to startup_tm4c123.o(.text) for Reset_Handler
    startup_tm4c123.o(RESET) refers to serial_debug.o(.text) for UART0_Handler
    startup_tm4c123.o(RESET) refers to ps2.o(.text) for ADC0SS0_Handler
    startup_tm4c123.o(RESET) refers to ece210_api.o(.text) for TIMER1A_Handler
    startup_tm4c123.o(RESET) refers to mezz_audio.o(.text) for TIMER3A_Handler
    startup_tm4c123.o(.text) refers to system_tm4c123.o(.text) for SystemInit
    startup_tm4c123.o(.text) refers to entry.o(.ARM.Collect$$$$00000000) for __main
    system_tm4c123.o(.text) refers to system_tm4c123.o(.data) for SystemCoreClock
    ece210_api.o(.text) refers to io_expander.o(.text) for io_expander_read_reg
    ece210_api.o(.text) refers to ws2812b_1.o(FLASH) for WS2812B_write
    ece210_api.o(.text) refers to gptimer.o(.text) for gp_timer_set_32_bit_period
    ece210_api.o(.text) refers to ps2.o(.text) for ps2_get_x
    ece210_api.o(.text) refers to spi_select.o(.text) for spi_select
    ece210_api.o(.text) refers to mezz_audio.o(.text) for mezz_audio_set_headphone
    ece210_api.o(.text) refers to lcd.o(.text) for lcd_draw_rectangle
    ece210_api.o(.text) refers to lcd_fonts.o(.text) for lcd_print_string
    ece210_api.o(.text) refers to wireless.o(.text) for wireless_configure_device
    ece210_api.o(.text) refers to serial_debug.o(.text) for init_serial_debug
    ece210_api.o(.text) refers to launchpad_io.o(.text) for lp_io_init
    ece210_api.o(.text) refers to ft6x06.o(.text) for ft6x06_init
    ece210_api.o(.text) refers to lcd_terminal.o(.text) for terminal_init_screen
    ece210_api.o(.text) refers to ece210_api.o(.bss) for ws2812_leds
    ece210_api.o(.text) refers to ece210_api.o(.data) for DELAY_1MS
    ece210_api.o(.text) refers to lcd_fonts.o(.constdata) for calibri_14ptFontInfo
    ece210_api.o(.text) refers to mezz_audio.o(.data) for AUDIO_DATA
    ft6x06.o(.text) refers to i2c.o(.text) for I2CMasterBusy
    ft6x06.o(.text) refers to gpio_port.o(.text) for gpio_enable_port
    ft6x06.o(.text) refers to printf8.o(i.__0printf$8) for __2printf
    io_expander.o(.text) refers to i2c.o(.text) for i2cSetSlaveAddr
    io_expander.o(.text) refers to gpio_port.o(.text) for gpio_enable_port
    lcd.o(.text) refers to gpio_port.o(.text) for gpio_enable_port
    lcd_fonts.o(.text) refers to lcd.o(.text) for lcd_draw_char
    lcd_terminal.o(.text) refers to lcd.o(.text) for lcd_draw_box
    lcd_terminal.o(.text) refers to lcd_fonts.o(.text) for lcd_print_string
    lcd_terminal.o(.text) refers to memseta.o(.text) for __aeabi_memclr
    lcd_terminal.o(.text) refers to strcpy.o(.text) for strcpy
    lcd_terminal.o(.text) refers to malloc.o(i.malloc) for malloc
    lcd_terminal.o(.text) refers to malloc.o(i.free) for free
    lcd_terminal.o(.text) refers to lcd_fonts.o(.constdata) for calibri_14ptFontInfo
    lcd_terminal.o(.text) refers to lcd_terminal.o(.bss) for LCD_Terminal
    lcd_terminal.o(.text) refers to lcd_terminal.o(.data) for User_Input_Index
    ps2.o(.text) refers to gpio_port.o(.text) for gpio_enable_port
    ps2.o(.text) refers to gptimer.o(.text) for gp_timer_config
    ps2.o(.text) refers to ps2.o(.data) for PS2_X_DATA
    serial_debug.o(.text) refers to pc_buffer.o(.text) for pc_buffer_empty
    serial_debug.o(.text) refers to ece210_api.o(.text) for DisableInterrupts
    serial_debug.o(.text) refers to uart.o(.text) for uart_tx_poll
    serial_debug.o(.text) refers to gpio_port.o(.text) for gpio_enable_port
    serial_debug.o(.text) refers to serial_debug.o(.data) for Tx_Interrupts_Enabled
    serial_debug.o(.text) refers to serial_debug.o(.bss) for UART0_Tx_Buffer
    serial_debug.o(.text) refers to stdout.o(.data) for __stdout
    spi_select.o(.text) refers to gpio_port.o(.text) for gpio_enable_port
    wireless.o(.text) refers to spi.o(.text) for spiTx
    wireless.o(.text) refers to gpio_port.o(.text) for gpio_enable_port
    wireless.o(.data) refers to wireless.o(.conststring) for .conststring
    mezz_audio.o(.text) refers to adc.o(.text) for adc_get_rcgc_mask
    mezz_audio.o(.text) refers to dac122s085.o(.text) for spi_dac_byte_write
    mezz_audio.o(.text) refers to gpio_port.o(.text) for gpio_enable_port
    mezz_audio.o(.text) refers to gptimer.o(.text) for gp_timer_config
    mezz_audio.o(.text) refers to mezz_audio.o(.data) for AUDIO_DATA
    pc_buffer.o(.text) refers to malloc.o(i.malloc) for malloc
    dac122s085.o(.text) refers to spi.o(.text) for spiTx
[...]
    printf1.o(i.__0fprintf$1) refers to printf1.o(i._printf_core) for _printf_core
    printf1.o(i.__0fprintf$1) refers to serial_debug.o(.text) for fputc
    printf1.o(i.__0printf$1) refers to printf1.o(i._printf_core) for _printf_core
    printf1.o(i.__0printf$1) refers to serial_debug.o(.text) for fputc
    printf1.o(i.__0printf$1) refers to stdout.o(.data) for __stdout
    printf1.o(i.__0snprintf$1) refers to printf1.o(i._printf_core) for _printf_core
    printf1.o(i.__0snprintf$1) refers to printf1.o(i._snputc) for _snputc
    printf1.o(i.__0sprintf$1) refers to printf1.o(i._printf_core) for _printf_core
    printf1.o(i.__0sprintf$1) refers to printf1.o(i._sputc) for _sputc
    printf1.o(i.__0vfprintf$1) refers to printf1.o(i._printf_core) for _printf_core
    printf1.o(i.__0vfprintf$1) refers to serial_debug.o(.text) for fputc
    printf1.o(i.__0vprintf$1) refers to printf1.o(i._printf_core) for _printf_core
    printf1.o(i.__0vprintf$1) refers to serial_debug.o(.text) for fputc
    printf1.o(i.__0vprintf$1) refers to stdout.o(.data) for __stdout
    printf1.o(i.__0vsnprintf$1) refers to printf1.o(i._printf_core) for _printf_core
    printf1.o(i.__0vsnprintf$1) refers to printf1.o(i._snputc) for _snputc
    printf1.o(i.__0vsprintf$1) refers to printf1.o(i._printf_core) for _printf_core
    printf1.o(i.__0vsprintf$1) refers to printf1.o(i._sputc) for _sputc
    printf1.o(i._printf_core) refers to uidiv.o(.text) for __aeabi_uidivmod
    printf2.o(i.__0fprintf$2) refers to printf2.o(i._printf_core) for _printf_core
    printf2.o(i.__0fprintf$2) refers to serial_debug.o(.text) for fputc
    printf2.o(i.__0printf$2) refers to printf2.o(i._printf_core) for _printf_core
    printf2.o(i.__0printf$2) refers to serial_debug.o(.text) for fputc
    printf2.o(i.__0printf$2) refers to stdout.o(.data) for __stdout
    printf2.o(i.__0snprintf$2) refers to printf2.o(i._printf_core) for _printf_core
    printf2.o(i.__0snprintf$2) refers to printf2.o(i._snputc) for _snputc
    printf2.o(i.__0sprintf$2) refers to printf2.o(i._printf_core) for _printf_core
    printf2.o(i.__0sprintf$2) refers to printf2.o(i._sputc) for _sputc
    printf2.o(i.__0vfprintf$2) refers to printf2.o(i._printf_core) for _printf_core
    printf2.o(i.__0vfprintf$2) refers to serial_debug.o(.text) for fputc
    printf2.o(i.__0vprintf$2) refers to printf2.o(i._printf_core) for _printf_core
    printf2.o(i.__0vprintf$2) refers to serial_debug.o(.text) for fputc
    printf2.o(i.__0vprintf$2) refers to stdout.o(.data) for __stdout
    printf2.o(i.__0vsnprintf$2) refers to printf2.o(i._printf_core) for _printf_core
    printf2.o(i.__0vsnprintf$2) refers to printf2.o(i._snputc) for _snputc
    printf2.o(i.__0vsprintf$2) refers to printf2.o(i._printf_core) for _printf_core
    printf2.o(i.__0vsprintf$2) refers to printf2.o(i._sputc) for _sputc
    printf3.o(i.__0fprintf$3) refers to printf3.o(i._printf_core) for _printf_core
    printf3.o(i.__0fprintf$3) refers to serial_debug.o(.text) for fputc
    printf3.o(i.__0printf$3) refers to printf3.o(i._printf_core) for _printf_core
    printf3.o(i.__0printf$3) refers to serial_debug.o(.text) for fputc
    printf3.o(i.__0printf$3) refers to stdout.o(.data) for __stdout
    printf3.o(i.__0snprintf$3) refers to printf3.o(i._printf_core) for _printf_core
    printf3.o(i.__0snprintf$3) refers to printf3.o(i._snputc) for _snputc
    printf3.o(i.__0sprintf$3) refers to printf3.o(i._printf_core) for _printf_core
    printf3.o(i.__0sprintf$3) refers to printf3.o(i._sputc) for _sputc
    printf3.o(i.__0vfprintf$3) refers to printf3.o(i._printf_core) for _printf_core
    printf3.o(i.__0vfprintf$3) refers to serial_debug.o(.text) for fputc
    printf3.o(i.__0vprintf$3) refers to printf3.o(i._printf_core) for _printf_core
    printf3.o(i.__0vprintf$3) refers to serial_debug.o(.text) for fputc
    printf3.o(i.__0vprintf$3) refers to stdout.o(.data) for __stdout
    printf3.o(i.__0vsnprintf$3) refers to printf3.o(i._printf_core) for _printf_core
    printf3.o(i.__0vsnprintf$3) refers to printf3.o(i._snputc) for _snputc
    printf3.o(i.__0vsprintf$3) refers to printf3.o(i._printf_core) for _printf_core
    printf3.o(i.__0vsprintf$3) refers to printf3.o(i._sputc) for _sputc
    printf3.o(i._printf_core) refers to uidiv.o(.text) for __aeabi_uidivmod
    printf4.o(i.__0fprintf$4) refers to printf4.o(i._printf_core) for _printf_core
    printf4.o(i.__0fprintf$4) refers to serial_debug.o(.text) for fputc
    printf4.o(i.__0printf$4) refers to printf4.o(i._printf_core) for _printf_core
    printf4.o(i.__0printf$4) refers to serial_debug.o(.text) for fputc
    printf4.o(i.__0printf$4) refers to stdout.o(.data) for __stdout
    printf4.o(i.__0snprintf$4) refers to printf4.o(i._printf_core) for _printf_core
    printf4.o(i.__0snprintf$4) refers to printf4.o(i._snputc) for _snputc
    printf4.o(i.__0sprintf$4) refers to printf4.o(i._printf_core) for _printf_core
    printf4.o(i.__0sprintf$4) refers to printf4.o(i._sputc) for _sputc
    printf4.o(i.__0vfprintf$4) refers to printf4.o(i._printf_core) for _printf_core
    printf4.o(i.__0vfprintf$4) refers to serial_debug.o(.text) for fputc
    printf4.o(i.__0vprintf$4) refers to printf4.o(i._printf_core) for _printf_core
    printf4.o(i.__0vprintf$4) refers to serial_debug.o(.text) for fputc
    printf4.o(i.__0vprintf$4) refers to stdout.o(.data) for __stdout
    printf4.o(i.__0vsnprintf$4) refers to printf4.o(i._printf_core) for _printf_core
    printf4.o(i.__0vsnprintf$4) refers to printf4.o(i._snputc) for _snputc
    printf4.o(i.__0vsprintf$4) refers to printf4.o(i._printf_core) for _printf_core
    printf4.o(i.__0vsprintf$4) refers to printf4.o(i._sputc) for _sputc
    printf4.o(i._printf_core) refers to uldiv.o(.text) for __aeabi_uldivmod
    printf5.o(i.__0fprintf$5) refers to printf5.o(i._printf_core) for _printf_core
    printf5.o(i.__0fprintf$5) refers to serial_debug.o(.text) for fputc
    printf5.o(i.__0printf$5) refers to printf5.o(i._printf_core) for _printf_core
    printf5.o(i.__0printf$5) refers to serial_debug.o(.text) for fputc
    printf5.o(i.__0printf$5) refers to stdout.o(.data) for __stdout
    printf5.o(i.__0snprintf$5) refers to printf5.o(i._printf_core) for _printf_core
    printf5.o(i.__0snprintf$5) refers to printf5.o(i._snputc) for _snputc
    printf5.o(i.__0sprintf$5) refers to printf5.o(i._printf_core) for _printf_core
    printf5.o(i.__0sprintf$5) refers to printf5.o(i._sputc) for _sputc
    printf5.o(i.__0vfprintf$5) refers to printf5.o(i._printf_core) for _printf_core
    printf5.o(i.__0vfprintf$5) refers to serial_debug.o(.text) for fputc
    printf5.o(i.__0vprintf$5) refers to printf5.o(i._printf_core) for _printf_core
    printf5.o(i.__0vprintf$5) refers to serial_debug.o(.text) for fputc
    printf5.o(i.__0vprintf$5) refers to stdout.o(.data) for __stdout
    printf5.o(i.__0vsnprintf$5) refers to printf5.o(i._printf_core) for _printf_core
    printf5.o(i.__0vsnprintf$5) refers to printf5.o(i._snputc) for _snputc
    printf5.o(i.__0vsprintf$5) refers to printf5.o(i._printf_core) for _printf_core
    printf5.o(i.__0vsprintf$5) refers to printf5.o(i._sputc) for _sputc
    printf5.o(i._printf_core) refers to uldiv.o(.text) for __aeabi_uldivmod
    printf6.o(i.__0fprintf$6) refers to printf6.o(i._printf_core) for _printf_core
    printf6.o(i.__0fprintf$6) refers to serial_debug.o(.text) for fputc
    printf6.o(i.__0printf$6) refers to printf6.o(i._printf_core) for _printf_core
    printf6.o(i.__0printf$6) refers to serial_debug.o(.text) for fputc
    printf6.o(i.__0printf$6) refers to stdout.o(.data) for __stdout
    printf6.o(i.__0snprintf$6) refers to printf6.o(i._printf_core) for _printf_core
    printf6.o(i.__0snprintf$6) refers to printf6.o(i._snputc) for _snputc
    printf6.o(i.__0sprintf$6) refers to printf6.o(i._printf_core) for _printf_core
    printf6.o(i.__0sprintf$6) refers to printf6.o(i._sputc) for _sputc
    printf6.o(i.__0vfprintf$6) refers to printf6.o(i._printf_core) for _printf_core
    printf6.o(i.__0vfprintf$6) refers to serial_debug.o(.text) for fputc
    printf6.o(i.__0vprintf$6) refers to printf6.o(i._printf_core) for _printf_core
    printf6.o(i.__0vprintf$6) refers to serial_debug.o(.text) for fputc
    printf6.o(i.__0vprintf$6) refers to stdout.o(.data) for __stdout
    printf6.o(i.__0vsnprintf$6) refers to printf6.o(i._printf_core) for _printf_core
    printf6.o(i.__0vsnprintf$6) refers to printf6.o(i._snputc) for _snputc
    printf6.o(i.__0vsprintf$6) refers to printf6.o(i._printf_core) for _printf_core
    printf6.o(i.__0vsprintf$6) refers to printf6.o(i._sputc) for _sputc
    printf6.o(i._printf_core) refers to printf6.o(i._printf_pre_padding) for _printf_pre_padding
    printf6.o(i._printf_core) refers to uidiv.o(.text) for __aeabi_uidivmod
    printf6.o(i._printf_core) refers to printf6.o(i._printf_post_padding) for _printf_post_padding
    printf7.o(i.__0fprintf$7) refers to printf7.o(i._printf_core) for _printf_core
    printf7.o(i.__0fprintf$7) refers to serial_debug.o(.text) for fputc
    printf7.o(i.__0printf$7) refers to printf7.o(i._printf_core) for _printf_core
    printf7.o(i.__0printf$7) refers to serial_debug.o(.text) for fputc
    printf7.o(i.__0printf$7) refers to stdout.o(.data) for __stdout
    printf7.o(i.__0snprintf$7) refers to printf7.o(i._printf_core) for _printf_core
    printf7.o(i.__0snprintf$7) refers to printf7.o(i._snputc) for _snputc
    printf7.o(i.__0sprintf$7) refers to printf7.o(i._printf_core) for _printf_core
    printf7.o(i.__0sprintf$7) refers to printf7.o(i._sputc) for _sputc
    printf7.o(i.__0vfprintf$7) refers to printf7.o(i._printf_core) for _printf_core
    printf7.o(i.__0vfprintf$7) refers to serial_debug.o(.text) for fputc
    printf7.o(i.__0vprintf$7) refers to printf7.o(i._printf_core) for _printf_core
    printf7.o(i.__0vprintf$7) refers to serial_debug.o(.text) for fputc
    printf7.o(i.__0vprintf$7) refers to stdout.o(.data) for __stdout
    printf7.o(i.__0vsnprintf$7) refers to printf7.o(i._printf_core) for _printf_core
    printf7.o(i.__0vsnprintf$7) refers to printf7.o(i._snputc) for _snputc
    printf7.o(i.__0vsprintf$7) refers to printf7.o(i._printf_core) for _printf_core
    printf7.o(i.__0vsprintf$7) refers to printf7.o(i._sputc) for _sputc
    printf7.o(i._printf_core) refers to printf7.o(i._printf_pre_padding) for _printf_pre_padding
    printf7.o(i._printf_core) refers to uldiv.o(.text) for __aeabi_uldivmod
    printf7.o(i._printf_core) refers to printf7.o(i._printf_post_padding) for _printf_post_padding
    printf8.o(i.__0fprintf$8) refers to printf8.o(i._printf_core) for _printf_core
    printf8.o(i.__0fprintf$8) refers to serial_debug.o(.text) for fputc
    printf8.o(i.__0printf$8) refers to printf8.o(i._printf_core) for _printf_core
    printf8.o(i.__0printf$8) refers to serial_debug.o(.text) for fputc
    printf8.o(i.__0printf$8) refers to stdout.o(.data) for __stdout
    printf8.o(i.__0snprintf$8) refers to printf8.o(i._printf_core) for _printf_core
    printf8.o(i.__0snprintf$8) refers to printf8.o(i._snputc) for _snputc
    printf8.o(i.__0sprintf$8) refers to printf8.o(i._printf_core) for _printf_core
    printf8.o(i.__0sprintf$8) refers to printf8.o(i._sputc) for _sputc
    printf8.o(i.__0vfprintf$8) refers to printf8.o(i._printf_core) for _printf_core
    printf8.o(i.__0vfprintf$8) refers to serial_debug.o(.text) for fputc
    printf8.o(i.__0vprintf$8) refers to printf8.o(i._printf_core) for _printf_core
    printf8.o(i.__0vprintf$8) refers to serial_debug.o(.text) for fputc
    printf8.o(i.__0vprintf$8) refers to stdout.o(.data) for __stdout
    printf8.o(i.__0vsnprintf$8) refers to printf8.o(i._printf_core) for _printf_core
    printf8.o(i.__0vsnprintf$8) refers to printf8.o(i._snputc) for _snputc
    printf8.o(i.__0vsprintf$8) refers to printf8.o(i._printf_core) for _printf_core
    printf8.o(i.__0vsprintf$8) refers to printf8.o(i._sputc) for _sputc
    printf8.o(i._printf_core) refers to printf8.o(i._printf_pre_padding) for _printf_pre_padding
    printf8.o(i._printf_core) refers to uldiv.o(.text) for __aeabi_uldivmod
    printf8.o(i._printf_core) refers to printf8.o(i._printf_post_padding) for _printf_post_padding
    printfa.o(i.__0fprintf) refers (Special) to iusefp.o(.text) for __I$use$fp
    printfa.o(i.__0fprintf) refers to printfa.o(i._printf_core) for _printf_core
    printfa.o(i.__0fprintf) refers to serial_debug.o(.text) for fputc
    printfa.o(i.__0printf) refers (Special) to iusefp.o(.text) for __I$use$fp
    printfa.o(i.__0printf) refers to printfa.o(i._printf_core) for _printf_core
    printfa.o(i.__0printf) refers to serial_debug.o(.text) for fputc
    printfa.o(i.__0printf) refers to stdout.o(.data) for __stdout
    printfa.o(i.__0snprintf) refers (Special) to iusefp.o(.text) for __I$use$fp
    printfa.o(i.__0snprintf) refers to printfa.o(i._printf_core) for _printf_core
    printfa.o(i.__0snprintf) refers to printfa.o(i._snputc) for _snputc
    printfa.o(i.__0sprintf) refers (Special) to iusefp.o(.text) for __I$use$fp
    printfa.o(i.__0sprintf) refers to printfa.o(i._printf_core) for _printf_core
    printfa.o(i.__0sprintf) refers to printfa.o(i._sputc) for _sputc
    printfa.o(i.__0vfprintf) refers (Special) to iusefp.o(.text) for __I$use$fp
    printfa.o(i.__0vfprintf) refers to printfa.o(i._printf_core) for _printf_core
    printfa.o(i.__0vfprintf) refers to serial_debug.o(.text) for fputc
    printfa.o(i.__0vprintf) refers (Special) to iusefp.o(.text) for __I$use$fp
    printfa.o(i.__0vprintf) refers to printfa.o(i._printf_core) for _printf_core
    printfa.o(i.__0vprintf) refers to serial_debug.o(.text) for fputc
    printfa.o(i.__0vprintf) refers to stdout.o(.data) for __stdout
    printfa.o(i.__0vsnprintf) refers (Special) to iusefp.o(.text) for __I$use$fp
    printfa.o(i.__0vsnprintf) refers to printfa.o(i._printf_core) for _printf_core
    printfa.o(i.__0vsnprintf) refers to printfa.o(i._snputc) for _snputc
    printfa.o(i.__0vsprintf) refers (Special) to iusefp.o(.text) for __I$use$fp
    printfa.o(i.__0vsprintf) refers to printfa.o(i._printf_core) for _printf_core
    printfa.o(i.__0vsprintf) refers to printfa.o(i._sputc) for _sputc
    printfa.o(i._fp_digits) refers (Special) to iusefp.o(.text) for __I$use$fp
    printfa.o(i._fp_digits) refers to dmul.o(.text) for __aeabi_dmul
    printfa.o(i._fp_digits) refers to ddiv.o(.text) for __aeabi_ddiv
    printfa.o(i._fp_digits) refers to cdrcmple.o(.text) for __aeabi_cdrcmple
    printfa.o(i._fp_digits) refers to dadd.o(.text) for __aeabi_dadd
    printfa.o(i._fp_digits) refers to dfixul.o(.text) for __aeabi_d2ulz
    printfa.o(i._fp_digits) refers to uldiv.o(.text) for __aeabi_uldivmod
    printfa.o(i._printf_core) refers (Special) to iusefp.o(.text) for __I$use$fp
    printfa.o(i._printf_core) refers to printfa.o(i._printf_pre_padding) for _printf_pre_padding
    printfa.o(i._printf_core) refers to uldiv.o(.text) for __aeabi_uldivmod
    printfa.o(i._printf_core) refers to printfa.o(i._printf_post_padding) for _printf_post_padding
    printfa.o(i._printf_core) refers to printfa.o(i._fp_digits) for _fp_digits
    printfa.o(i._printf_core) refers to uidiv.o(.text) for __aeabi_uidivmod
    printfa.o(i._printf_post_padding) refers (Special) to iusefp.o(.text) for __I$use$fp
    printfa.o(i._printf_pre_padding) refers (Special) to iusefp.o(.text) for __I$use$fp
    printfa.o(i._snputc) refers (Special) to iusefp.o(.text) for __I$use$fp
    printfa.o(i._sputc) refers (Special) to iusefp.o(.text) for __I$use$fp
    malloc.o(i.free) refers to mvars.o(.data) for __microlib_freelist
    malloc.o(i.malloc) refers to mvars.o(.data) for __microlib_freelist_initialised
    malloc.o(i.malloc) refers to mvars.o(.data) for __microlib_freelist
    malloc.o(i.malloc) refers to startup_tm4c123.o(HEAP) for __heap_base
    mallocr.o(i.__free$realloc) refers to mvars.o(.data) for __microlib_freelist
    mallocr.o(i.__malloc$realloc) refers to mallocr.o(i.internal_alloc) for internal_alloc
    mallocr.o(i.__malloc$realloc) refers to mvars.o(.data) for __microlib_freelist_initialised
    mallocr.o(i.__malloc$realloc) refers to startup_tm4c123.o(HEAP) for __heap_base
    mallocr.o(i.__malloc$realloc) refers to mvars.o(.data) for __microlib_freelist
    mallocr.o(i.internal_alloc) refers to memcpya.o(.text) for __aeabi_memcpy
    mallocr.o(i.internal_alloc) refers to mvars.o(.data) for __microlib_freelist
    mallocr.o(i.realloc) refers to mallocr.o(i.__free$realloc) for __free$realloc
    mallocr.o(i.realloc) refers to mallocr.o(i.internal_alloc) for internal_alloc
    mallocr.o(i.realloc) refers to mallocr.o(i.__malloc$realloc) for __malloc$realloc
    mallocr.o(i.realloc) refers to mvars.o(.data) for __microlib_freelist
    malloca.o(i.__aligned_malloc) refers to mvars.o(.data) for __microlib_freelist_initialised
    malloca.o(i.__aligned_malloc) refers to mvars.o(.data) for __microlib_freelist
    malloca.o(i.__aligned_malloc) refers to startup_tm4c123.o(HEAP) for __heap_base
    malloca.o(i.__free$memalign) refers to mvars.o(.data) for __microlib_freelist
    malloca.o(i.__malloc$memalign) refers to malloca.o(i.__aligned_malloc) for __aligned_malloc
    mallocra.o(i.__aligned_malloc$realloc) refers to mallocra.o(i.internal_alloc) for internal_alloc
    mallocra.o(i.__aligned_malloc$realloc) refers to mvars.o(.data) for __microlib_freelist_initialised
    mallocra.o(i.__aligned_malloc$realloc) refers to startup_tm4c123.o(HEAP) for __heap_base
    mallocra.o(i.__aligned_malloc$realloc) refers to mvars.o(.data) for __microlib_freelist
    mallocra.o(i.__free$realloc$memalign) refers to mvars.o(.data) for __microlib_freelist
    mallocra.o(i.__malloc$realloc$memalign) refers to mallocra.o(i.__aligned_malloc$realloc) for __aligned_malloc$realloc
    mallocra.o(i.__realloc$memalign) refers to mallocra.o(i.__free$realloc$memalign) for __free$realloc$memalign
    mallocra.o(i.__realloc$memalign) refers to mallocra.o(i.internal_alloc) for internal_alloc
    mallocra.o(i.__realloc$memalign) refers to mallocra.o(i.__malloc$realloc$memalign) for __malloc$realloc$memalign
    mallocra.o(i.__realloc$memalign) refers to mvars.o(.data) for __microlib_freelist
    mallocra.o(i.internal_alloc) refers to memcpya.o(.text) for __aeabi_memcpy
    mallocra.o(i.internal_alloc) refers to mvars.o(.data) for __microlib_freelist
    entry2.o(.ARM.Collect$$$$00000001) refers to entry2.o(.ARM.Collect$$$$00002712) for __lit__00000000
    entry2.o(.ARM.Collect$$$$00002712) refers to startup_tm4c123.o(STACK) for __initial_sp
    entry2.o(__vectab_stack_and_reset_area) refers to startup_tm4c123.o(STACK) for __initial_sp
    entry2.o(__vectab_stack_and_reset_area) refers to entry.o(.ARM.Collect$$$$00000000) for __main
    entry5.o(.ARM.Collect$$$$00000004) refers to init.o(.text) for __scatterload
    entry9a.o(.ARM.Collect$$$$0000000B) refers to main.o(.text) for main
    entry9b.o(.ARM.Collect$$$$0000000C) refers to main.o(.text) for main
    uldiv.o(.text) refers to llushr.o(.text) for __aeabi_llsr
    uldiv.o(.text) refers to llshl.o(.text) for __aeabi_llsl
    dadd.o(.text) refers to llshl.o(.text) for __aeabi_llsl
    dadd.o(.text) refers to llsshr.o(.text) for __aeabi_lasr
    dadd.o(.text) refers to depilogue.o(.text) for _double_epilogue
    dmul.o(.text) refers to depilogue.o(.text) for _double_epilogue
    ddiv.o(.text) refers to depilogue.o(.text) for _double_round
    dfixul.o(.text) refers to llushr.o(.text) for __aeabi_llsr
    dfixul.o(.text) refers to llshl.o(.text) for __aeabi_llsl
    init.o(.text) refers to entry5.o(.ARM.Collect$$$$00000004) for __main_after_scatterload
    depilogue.o(.text) refers to llshl.o(.text) for __aeabi_llsl
    depilogue.o(.text) refers to llushr.o(.text) for __aeabi_llsr


==============================================================================

Removing Unused input sections from the image.

    Removing lab_buttons.o(.rev16_text), (4 bytes).
    Removing lab_buttons.o(.revsh_text), (4 bytes).
    Removing lab_buttons.o(.rrx_text), (6 bytes).
    Removing lab_buttons.o(.text), (86 bytes).
    Removing main.o(.rev16_text), (4 bytes).
    Removing main.o(.revsh_text), (4 bytes).
    Removing main.o(.rrx_text), (6 bytes).
    Removing system_tm4c123.o(.rev16_text), (4 bytes).
    Removing system_tm4c123.o(.revsh_text), (4 bytes).
    Removing system_tm4c123.o(.rrx_text), (6 bytes).
    Removing ece210_api.o(.rev16_text), (4 bytes).
    Removing ece210_api.o(.revsh_text), (4 bytes).
    Removing ece210_api.o(.rrx_text), (6 bytes).
    Removing gptimer.o(.rev16_text), (4 bytes).
    Removing gptimer.o(.revsh_text), (4 bytes).
    Removing gptimer.o(.rrx_text), (6 bytes).
    Removing ft6x06.o(.rev16_text), (4 bytes).
    Removing ft6x06.o(.revsh_text), (4 bytes).
    Removing ft6x06.o(.rrx_text), (6 bytes).
    Removing io_expander.o(.rev16_text), (4 bytes).
    Removing io_expander.o(.revsh_text), (4 bytes).
    Removing io_expander.o(.rrx_text), (6 bytes).
    Removing lcd.o(.rev16_text), (4 bytes).
    Removing lcd.o(.revsh_text), (4 bytes).
    Removing lcd.o(.rrx_text), (6 bytes).
    Removing lcd_fonts.o(.rev16_text), (4 bytes).
    Removing lcd_fonts.o(.revsh_text), (4 bytes).
    Removing lcd_fonts.o(.rrx_text), (6 bytes).
    Removing lcd_terminal.o(.rev16_text), (4 bytes).
    Removing lcd_terminal.o(.revsh_text), (4 bytes).
    Removing lcd_terminal.o(.rrx_text), (6 bytes).
    Removing ps2.o(.rev16_text), (4 bytes).
    Removing ps2.o(.revsh_text), (4 bytes).
    Removing ps2.o(.rrx_text), (6 bytes).
    Removing serial_debug.o(.rev16_text), (4 bytes).
    Removing serial_debug.o(.revsh_text), (4 bytes).
    Removing serial_debug.o(.rrx_text), (6 bytes).
    Removing spi_select.o(.rev16_text), (4 bytes).
    Removing spi_select.o(.revsh_text), (4 bytes).
    Removing spi_select.o(.rrx_text), (6 bytes).
    Removing wireless.o(.rev16_text), (4 bytes).
    Removing wireless.o(.revsh_text), (4 bytes).
    Removing wireless.o(.rrx_text), (6 bytes).
    Removing wireless.o(.conststring), (125 bytes).
    Removing wireless.o(.data), (24 bytes).
    Removing launchpad_io.o(.rev16_text), (4 bytes).
    Removing launchpad_io.o(.revsh_text), (4 bytes).
    Removing launchpad_io.o(.rrx_text), (6 bytes).
    Removing mezz_audio.o(.rev16_text), (4 bytes).
    Removing mezz_audio.o(.revsh_text), (4 bytes).
    Removing mezz_audio.o(.rrx_text), (6 bytes).
    Removing adc.o(.rev16_text), (4 bytes).
    Removing adc.o(.revsh_text), (4 bytes).
    Removing adc.o(.rrx_text), (6 bytes).
    Removing gpio_port.o(.rev16_text), (4 bytes).
    Removing gpio_port.o(.revsh_text), (4 bytes).
    Removing gpio_port.o(.rrx_text), (6 bytes).
    Removing i2c.o(.rev16_text), (4 bytes).
    Removing i2c.o(.revsh_text), (4 bytes).
    Removing i2c.o(.rrx_text), (6 bytes).
    Removing spi.o(.rev16_text), (4 bytes).
    Removing spi.o(.revsh_text), (4 bytes).
    Removing spi.o(.rrx_text), (6 bytes).
    Removing uart.o(.rev16_text), (4 bytes).
    Removing uart.o(.revsh_text), (4 bytes).
    Removing uart.o(.rrx_text), (6 bytes).
    Removing dac122s085.o(.rev16_text), (4 bytes).
    Removing dac122s085.o(.revsh_text), (4 bytes).
    Removing dac122s085.o(.rrx_text), (6 bytes).
    Removing dadd.o(.text), (334 bytes).
    Removing dmul.o(.text), (228 bytes).
    Removing ddiv.o(.text), (222 bytes).
    Removing dfixul.o(.text), (48 bytes).
    Removing cdrcmple.o(.text), (48 bytes).
    Removing depilogue.o(.text), (186 bytes).

75 unused section(s) (total 1609 bytes) removed from the image.

==============================================================================

Image Symbol Table

    Local Symbols

    Symbol Name                              Value     Ov Type        Size  Object(Section)

    RESET                                    0x00000000   Section      620  startup_tm4c123.o(RESET)
    ../clib/microlib/division.c              0x00000000   Number         0  uldiv.o ABSOLUTE
    ../clib/microlib/division.c              0x00000000   Number         0  uidiv.o ABSOLUTE
    ../clib/microlib/init/entry.s            0x00000000   Number         0  entry9b.o ABSOLUTE
    ../clib/microlib/init/entry.s            0x00000000   Number         0  entry10a.o ABSOLUTE
    ../clib/microlib/init/entry.s            0x00000000   Number         0  entry11a.o ABSOLUTE
    ../clib/microlib/init/entry.s            0x00000000   Number         0  entry10b.o ABSOLUTE
    ../clib/microlib/init/entry.s            0x00000000   Number         0  entry.o ABSOLUTE
    ../clib/microlib/init/entry.s            0x00000000   Number         0  entry11b.o ABSOLUTE
    ../clib/microlib/init/entry.s            0x00000000   Number         0  entry2.o ABSOLUTE
    ../clib/microlib/init/entry.s            0x00000000   Number         0  entry7a.o ABSOLUTE
    ../clib/microlib/init/entry.s            0x00000000   Number         0  entry5.o ABSOLUTE
    ../clib/microlib/init/entry.s            0x00000000   Number         0  entry7b.o ABSOLUTE
    ../clib/microlib/init/entry.s            0x00000000   Number         0  entry8a.o ABSOLUTE
    ../clib/microlib/init/entry.s            0x00000000   Number         0  entry8b.o ABSOLUTE
    ../clib/microlib/init/entry.s            0x00000000   Number         0  entry9a.o ABSOLUTE
    ../clib/microlib/longlong.c              0x00000000   Number         0  llshl.o ABSOLUTE
    ../clib/microlib/longlong.c              0x00000000   Number         0  llsshr.o ABSOLUTE
    ../clib/microlib/longlong.c              0x00000000   Number         0  llushr.o ABSOLUTE
    ../clib/microlib/malloc/malloc.c         0x00000000   Number         0  malloc.o ABSOLUTE
    ../clib/microlib/malloc/malloc.c         0x00000000   Number         0  mallocr.o ABSOLUTE
    ../clib/microlib/malloc/malloc.c         0x00000000   Number         0  malloca.o ABSOLUTE
    ../clib/microlib/malloc/malloc.c         0x00000000   Number         0  mallocra.o ABSOLUTE
    ../clib/microlib/malloc/mvars.c          0x00000000   Number         0  mvars.o ABSOLUTE
    ../clib/microlib/printf/printf.c         0x00000000   Number         0  printf0.o ABSOLUTE
    ../clib/microlib/printf/printf.c         0x00000000   Number         0  printfb.o ABSOLUTE
    ../clib/microlib/printf/printf.c         0x00000000   Number         0  printfa.o ABSOLUTE
    ../clib/microlib/printf/printf.c         0x00000000   Number         0  printf8.o ABSOLUTE
    ../clib/microlib/printf/printf.c         0x00000000   Number         0  printf7.o ABSOLUTE
    ../clib/microlib/printf/printf.c         0x00000000   Number         0  printf6.o ABSOLUTE
    ../clib/microlib/printf/printf.c         0x00000000   Number         0  printf5.o ABSOLUTE
    ../clib/microlib/printf/printf.c         0x00000000   Number         0  printf4.o ABSOLUTE
    ../clib/microlib/printf/printf.c         0x00000000   Number         0  printf3.o ABSOLUTE
    ../clib/microlib/printf/printf.c         0x00000000   Number         0  printf2.o ABSOLUTE
    ../clib/microlib/printf/printf.c         0x00000000   Number         0  printf1.o ABSOLUTE
    ../clib/microlib/printf/stubs.s          0x00000000   Number         0  stubs.o ABSOLUTE
    ../clib/microlib/stdio/streams.c         0x00000000   Number         0  stdout.o ABSOLUTE
    ../clib/microlib/string/memcpy.c         0x00000000   Number         0  memcpyb.o ABSOLUTE
    ../clib/microlib/string/memcpy.c         0x00000000   Number         0  memcpya.o ABSOLUTE
    ../clib/microlib/string/memset.c         0x00000000   Number         0  memseta.o ABSOLUTE
    ../clib/microlib/string/strcpy.c         0x00000000   Number         0  strcpy.o ABSOLUTE
    ../clib/microlib/stubs.s                 0x00000000   Number         0  iusefp.o ABSOLUTE
    ../fplib/microlib/fpadd.c                0x00000000   Number         0  dadd.o ABSOLUTE
    ../fplib/microlib/fpdiv.c                0x00000000   Number         0  ddiv.o ABSOLUTE
    ../fplib/microlib/fpepilogue.c           0x00000000   Number         0  depilogue.o ABSOLUTE
    ../fplib/microlib/fpfix.c                0x00000000   Number         0  dfixul.o ABSOLUTE
    ../fplib/microlib/fpmul.c                0x00000000   Number         0  dmul.o ABSOLUTE
    ..\\drivers\\c\\adc.c                    0x00000000   Number         0  adc.o ABSOLUTE
    ..\\drivers\\c\\gpio_port.c              0x00000000   Number         0  gpio_port.o ABSOLUTE
    ..\\drivers\\c\\gptimer.c                0x00000000   Number         0  gptimer.o ABSOLUTE
    ..\\drivers\\c\\i2c.c                    0x00000000   Number         0  i2c.o ABSOLUTE
    ..\\drivers\\c\\spi.c                    0x00000000   Number         0  spi.o ABSOLUTE
    ..\\drivers\\c\\uart.c                   0x00000000   Number         0  uart.o ABSOLUTE
    ..\\peripherals\\c\\dac122s085.c         0x00000000   Number         0  dac122s085.o ABSOLUTE
    ..\\peripherals\\c\\ece210_api.c         0x00000000   Number         0  ece210_api.o ABSOLUTE
    ..\\peripherals\\c\\ft6x06.c             0x00000000   Number         0  ft6x06.o ABSOLUTE
    ..\\peripherals\\c\\io_expander.c        0x00000000   Number         0  io_expander.o ABSOLUTE
    ..\\peripherals\\c\\launchpad_io.c       0x00000000   Number         0  launchpad_io.o ABSOLUTE
    ..\\peripherals\\c\\lcd.c                0x00000000   Number         0  lcd.o ABSOLUTE
    ..\\peripherals\\c\\lcd_fonts.c          0x00000000   Number         0  lcd_fonts.o ABSOLUTE
    ..\\peripherals\\c\\lcd_terminal.c       0x00000000   Number         0  lcd_terminal.o ABSOLUTE
    ..\\peripherals\\c\\mezz_audio.c         0x00000000   Number         0  mezz_audio.o ABSOLUTE
    ..\\peripherals\\c\\ps2.c                0x00000000   Number         0  ps2.o ABSOLUTE
    ..\\peripherals\\c\\serial_debug.c       0x00000000   Number         0  serial_debug.o ABSOLUTE
    ..\\peripherals\\c\\spi_select.c         0x00000000   Number         0  spi_select.o ABSOLUTE
    ..\\peripherals\\c\\wireless.c           0x00000000   Number         0  wireless.o ABSOLUTE
    ..\drivers\c\adc.c                       0x00000000   Number         0  adc.o ABSOLUTE
    ..\drivers\c\gpio_port.c                 0x00000000   Number         0  gpio_port.o ABSOLUTE
    ..\drivers\c\gptimer.c                   0x00000000   Number         0  gptimer.o ABSOLUTE
    ..\drivers\c\i2c.c                       0x00000000   Number         0  i2c.o ABSOLUTE
    ..\drivers\c\pc_buffer.c                 0x00000000   Number         0  pc_buffer.o ABSOLUTE
    ..\drivers\c\spi.c                       0x00000000   Number         0  spi.o ABSOLUTE
    ..\drivers\c\uart.c                      0x00000000   Number         0  uart.o ABSOLUTE
    ..\peripherals\c\dac122s085.c            0x00000000   Number         0  dac122s085.o ABSOLUTE
    ..\peripherals\c\ece210_api.c            0x00000000   Number         0  ece210_api.o ABSOLUTE
    ..\peripherals\c\ft6x06.c                0x00000000   Number         0  ft6x06.o ABSOLUTE
    ..\peripherals\c\io_expander.c           0x00000000   Number         0  io_expander.o ABSOLUTE
    ..\peripherals\c\launchpad_io.c          0x00000000   Number         0  launchpad_io.o ABSOLUTE
    ..\peripherals\c\lcd.c                   0x00000000   Number         0  lcd.o ABSOLUTE
    ..\peripherals\c\lcd_fonts.c             0x00000000   Number         0  lcd_fonts.o ABSOLUTE
    ..\peripherals\c\lcd_terminal.c          0x00000000   Number         0  lcd_terminal.o ABSOLUTE
    ..\peripherals\c\mezz_audio.c            0x00000000   Number         0  mezz_audio.o ABSOLUTE
    ..\peripherals\c\ps2.c                   0x00000000   Number         0  ps2.o ABSOLUTE
    ..\peripherals\c\serial_debug.c          0x00000000   Number         0  serial_debug.o ABSOLUTE
    ..\peripherals\c\spi_select.c            0x00000000   Number         0  spi_select.o ABSOLUTE
    ..\peripherals\c\wireless.c              0x00000000   Number         0  wireless.o ABSOLUTE
    ..\peripherals\c\ws2812b.s               0x00000000   Number         0  ws2812b_1.o ABSOLUTE
    RTE\Device\TM4C123GH6PM\startup_TM4C123.s 0x00000000   Number         0  startup_tm4c123.o ABSOLUTE
    RTE\Device\TM4C123GH6PM\system_TM4C123.c 0x00000000   Number         0  system_tm4c123.o ABSOLUTE
    RTE\\Device\\TM4C123GH6PM\\system_TM4C123.c 0x00000000   Number         0  system_tm4c123.o ABSOLUTE
    cdrcmple.s                               0x00000000   Number         0  cdrcmple.o ABSOLUTE
    dc.s                                     0x00000000   Number         0  dc.o ABSOLUTE
    handlers.s                               0x00000000   Number         0  handlers.o ABSOLUTE
    init.s                                   0x00000000   Number         0  init.o ABSOLUTE
    lab_buttons.c                            0x00000000   Number         0  lab_buttons.o ABSOLUTE
    lab_buttons.c                            0x00000000   Number         0  lab_buttons.o ABSOLUTE
    main.c                                   0x00000000   Number         0  main.o ABSOLUTE
    main.c                                   0x00000000   Number         0  main.o ABSOLUTE
    .ARM.Collect$$$$00000000                 0x0000026c   Section        0  entry.o(.ARM.Collect$$$$00000000)
    .ARM.Collect$$$$00000001                 0x0000026c   Section        4  entry2.o(.ARM.Collect$$$$00000001)
    .ARM.Collect$$$$00000004                 0x00000270   Section        4  entry5.o(.ARM.Collect$$$$00000004)
    .ARM.Collect$$$$00000008                 0x00000274   Section        0  entry7b.o(.ARM.Collect$$$$00000008)
    .ARM.Collect$$$$0000000A                 0x00000274   Section        0  entry8b.o(.ARM.Collect$$$$0000000A)
    .ARM.Collect$$$$0000000B                 0x00000274   Section        8  entry9a.o(.ARM.Collect$$$$0000000B)
    .ARM.Collect$$$$0000000D                 0x0000027c   Section        0  entry10a.o(.ARM.Collect$$$$0000000D)
    .ARM.Collect$$$$0000000F                 0x0000027c   Section        0  entry11a.o(.ARM.Collect$$$$0000000F)
    .ARM.Collect$$$$00002712                 0x0000027c   Section        4  entry2.o(.ARM.Collect$$$$00002712)
    __lit__00000000                          0x0000027c   Data           4  entry2.o(.ARM.Collect$$$$00002712)
    .text                                    0x00000280   Section        0  main.o(.text)
    .text                                    0x000002c8   Section      252  startup_tm4c123.o(.text)
    $v0                                      0x000002c8   Number         0  startup_tm4c123.o(.text)
    .text                                    0x000003c4   Section        0  system_tm4c123.o(.text)
    getOscClk                                0x000003c5   Thumb Code   182  system_tm4c123.o(.text)
    .text                                    0x00000610   Section        0  ece210_api.o(.text)
    ws2812b_init                             0x00000611   Thumb Code    70  ece210_api.o(.text)
    platform_timers_init                     0x00000763   Thumb Code    80  ece210_api.o(.text)
    .text                                    0x00000acc   Section        0  gptimer.o(.text)
    NVIC_SetPriority                         0x00000acd   Thumb Code    32  gptimer.o(.text)
    NVIC_EnableIRQ                           0x00000e03   Thumb Code    22  gptimer.o(.text)
    .text                                    0x00000e34   Section        0  ft6x06.o(.text)
    .text                                    0x000010ec   Section        0  io_expander.o(.text)
    .text                                    0x0000127c   Section        0  lcd.o(.text)
    lcd_write_cmd_u8                         0x00001297   Thumb Code    34  lcd.o(.text)
    lcd_write_data_u8                        0x000012b9   Thumb Code    36  lcd.o(.text)
    lcd_write_data_u16                       0x000012dd   Thumb Code    60  lcd.o(.text)
    .text                                    0x00001d8a   Section        0  lcd_fonts.o(.text)
    .text                                    0x00001f10   Section        0  lcd_terminal.o(.text)
    terminal_clear_line                      0x00001f11   Thumb Code    46  lcd_terminal.o(.text)
    terminal_update_line                     0x00001f3f   Thumb Code    62  lcd_terminal.o(.text)
    .text                                    0x00002a28   Section        0  ps2.o(.text)
    initialize_adc_gpio_pins                 0x00002a29   Thumb Code    34  ps2.o(.text)
    ps2_configure_adc                        0x00002a4b   Thumb Code    88  ps2.o(.text)
    ps2_configure_digital_comparitors        0x00002aa3   Thumb Code   124  ps2.o(.text)
    initialize_adc_timer                     0x00002b77   Thumb Code    80  ps2.o(.text)
    NVIC_EnableIRQ                           0x00002ccf   Thumb Code    22  ps2.o(.text)
    .text                                    0x00002d20   Section        0  serial_debug.o(.text)
    .text                                    0x00002f30   Section        0  spi_select.o(.text)
    .text                                    0x00002fd4   Section        0  wireless.o(.text)
    wireless_reg_read                        0x00002fe3   Thumb Code    40  wireless.o(.text)
    wireless_reg_write                       0x0000300b   Thumb Code    40  wireless.o(.text)
    wireless_rx_data_payload                 0x00003033   Thumb Code    80  wireless.o(.text)
    wireless_set_rx_addr                     0x00003083   Thumb Code   118  wireless.o(.text)
    wireless_get_status                      0x000030f9   Thumb Code    32  wireless.o(.text)
    wireless_CSN_low                         0x0000345d   Thumb Code    18  wireless.o(.text)
    wireless_CSN_high                        0x0000346f   Thumb Code    18  wireless.o(.text)
    wireless_CE_low                          0x00003481   Thumb Code    16  wireless.o(.text)
    wireless_CE_high                         0x00003491   Thumb Code    16  wireless.o(.text)
    wireless_flush_tx_fifo                   0x000034a1   Thumb Code    28  wireless.o(.text)
    wireless_flush_rx_fifo                   0x000034bd   Thumb Code    28  wireless.o(.text)
    wireless_rx_fifo_empty                   0x000034d9   Thumb Code    24  wireless.o(.text)
    wireless_status_tx_ds_asserted           0x000034f1   Thumb Code    16  wireless.o(.text)
    wireless_status_tx_full_asserted         0x00003501   Thumb Code    16  wireless.o(.text)
    wireless_clear_max_rt                    0x00003511   Thumb Code    12  wireless.o(.text)
    .text                                    0x0000352c   Section        0  launchpad_io.o(.text)
    .text                                    0x000035f0   Section        0  mezz_audio.o(.text)
    mezz_audio_gpio_init                     0x000036d5   Thumb Code    34  mezz_audio.o(.text)
    initialize_adc_timer                     0x000036f7   Thumb Code    78  mezz_audio.o(.text)
    .text                                    0x000037c0   Section        0  adc.o(.text)
    verify_base_addr                         0x000037c1   Thumb Code    26  adc.o(.text)
    .text                                    0x000038e8   Section        0  gpio_port.o(.text)
    verify_base_addr                         0x000038e9   Thumb Code    64  gpio_port.o(.text)
    .text                                    0x00003bac   Section        0  i2c.o(.text)
    .text                                    0x00003db4   Section        0  pc_buffer.o(.text)
    .text                                    0x00003e30   Section        0  spi.o(.text)
    .text                                    0x00003fbc   Section        0  uart.o(.text)
    .text                                    0x0000422c   Section        0  dac122s085.o(.text)
    audio_CSN_high                           0x00004327   Thumb Code    18  dac122s085.o(.text)
    .text                                    0x00004340   Section        0  memseta.o(.text)
    .text                                    0x00004364   Section        0  strcpy.o(.text)
    .text                                    0x00004376   Section        0  uldiv.o(.text)
    .text                                    0x000043d8   Section       36  init.o(.text)
    .text                                    0x000043fc   Section        0  llshl.o(.text)
    .text                                    0x0000441a   Section        0  llushr.o(.text)
    FLASH                                    0x0000443c   Section      160  ws2812b_1.o(FLASH)
    $v0                                      0x0000443c   Number         0  ws2812b_1.o(FLASH)
    i.__0printf$8                            0x000044dc   Section        0  printf8.o(i.__0printf$8)
    i.__scatterload_copy                     0x000044fc   Section       14  handlers.o(i.__scatterload_copy)
    i.__scatterload_null                     0x0000450a   Section        2  handlers.o(i.__scatterload_null)
    i.__scatterload_zeroinit                 0x0000450c   Section       14  handlers.o(i.__scatterload_zeroinit)
    i._printf_core                           0x0000451c   Section        0  printf8.o(i._printf_core)
    _printf_core                             0x0000451d   Thumb Code   996  printf8.o(i._printf_core)
    i._printf_post_padding                   0x0000492c   Section        0  printf8.o(i._printf_post_padding)
    _printf_post_padding                     0x0000492d   Thumb Code    36  printf8.o(i._printf_post_padding)
    i._printf_pre_padding                    0x00004950   Section        0  printf8.o(i._printf_pre_padding)
    _printf_pre_padding                      0x00004951   Thumb Code    46  printf8.o(i._printf_pre_padding)
    i.free                                   0x00004980   Section        0  malloc.o(i.free)
    i.malloc                                 0x000049d0   Section        0  malloc.o(i.malloc)
    .constdata                               0x00004a3c   Section     4200  lcd_fonts.o(.constdata)
    .data                                    0x20000000   Section        4  system_tm4c123.o(.data)
    .data                                    0x20000004   Section       10  ece210_api.o(.data)
    DELAY_1MS                                0x20000005   Data           1  ece210_api.o(.data)
    LAST_RX_VALUE                            0x20000008   Data           4  ece210_api.o(.data)
    .data                                    0x2000000e   Section        1  lcd_terminal.o(.data)
    .data                                    0x20000010   Section        5  ps2.o(.data)
    PS2_X_DATA                               0x20000010   Data           2  ps2.o(.data)
    PS2_Y_DATA                               0x20000012   Data           2  ps2.o(.data)
    PS2_DIR                                  0x20000014   Data           1  ps2.o(.data)
    .data                                    0x20000015   Section        2  serial_debug.o(.data)
    Rx_Interrupts_Enabled                    0x20000015   Data           1  serial_debug.o(.data)
    Tx_Interrupts_Enabled                    0x20000016   Data           1  serial_debug.o(.data)
    .data                                    0x20000018   Section        3  mezz_audio.o(.data)
    .data                                    0x2000001c   Section        4  stdout.o(.data)
    .data                                    0x20000020   Section        4  mvars.o(.data)
    .data                                    0x20000024   Section        4  mvars.o(.data)
    .bss                                     0x20000028   Section       24  ece210_api.o(.bss)
    ws2812_leds                              0x20000028   Data          24  ece210_api.o(.bss)
    .bss                                     0x20000040   Section     2500  lcd_terminal.o(.bss)
    .bss                                     0x20000a04   Section       28  serial_debug.o(.bss)
    HEAP                                     0x20000a20   Section        0  startup_tm4c123.o(HEAP)
    STACK                                    0x20000a20   Section      512  startup_tm4c123.o(STACK)

    Global Symbols

    Symbol Name                              Value     Ov Type        Size  Object(Section)

    BuildAttributes$$THM_ISAv4$E$P$D$K$B$S$7EM$VFPi3$EXTD16$VFPS$VFMA$PE$A:L22UL41UL21$X:L11$S22US41US21$IEEE1$IW$USESV6$~STKCKD$USESV7$~SHL$OSPACE$ROPI$EBA8$MICROLIB$REQ8$EABIv2 0x00000000   Number         0  anon$$obj.o ABSOLUTE
    __ARM_use_no_argv                        0x00000000   Number         0  main.o ABSOLUTE
    __Vectors                                0x00000000   Data           4  startup_tm4c123.o(RESET)
    _printf_a                                0x00000000   Number         0  stubs.o ABSOLUTE
    _printf_c                                0x00000000   Number         0  stubs.o ABSOLUTE
    _printf_charcount                        0x00000000   Number         0  stubs.o ABSOLUTE
    _printf_d                                0x00000000   Number         0  stubs.o ABSOLUTE
    _printf_e                                0x00000000   Number         0  stubs.o ABSOLUTE
    _printf_f                                0x00000000   Number         0  stubs.o ABSOLUTE
    _printf_flags                            0x00000000   Number         0  stubs.o ABSOLUTE
    _printf_fp_dec                           0x00000000   Number         0  stubs.o ABSOLUTE
    _printf_fp_hex                           0x00000000   Number         0  stubs.o ABSOLUTE
    _printf_g                                0x00000000   Number         0  stubs.o ABSOLUTE
    _printf_i                                0x00000000   Number         0  stubs.o ABSOLUTE
    _printf_int_dec                          0x00000000   Number         0  stubs.o ABSOLUTE
    _printf_l                                0x00000000   Number         0  stubs.o ABSOLUTE
    _printf_lc                               0x00000000   Number         0  stubs.o ABSOLUTE
    _printf_ll                               0x00000000   Number         0  stubs.o ABSOLUTE
    _printf_lld                              0x00000000   Number         0  stubs.o ABSOLUTE
    _printf_lli                              0x00000000   Number         0  stubs.o ABSOLUTE
    _printf_llo                              0x00000000   Number         0  stubs.o ABSOLUTE
    _printf_llu                              0x00000000   Number         0  stubs.o ABSOLUTE
    _printf_llx                              0x00000000   Number         0  stubs.o ABSOLUTE
    _printf_longlong_dec                     0x00000000   Number         0  stubs.o ABSOLUTE
    _printf_longlong_hex                     0x00000000   Number         0  stubs.o ABSOLUTE
    _printf_longlong_oct                     0x00000000   Number         0  stubs.o ABSOLUTE
    _printf_ls                               0x00000000   Number         0  stubs.o ABSOLUTE
    _printf_mbtowc                           0x00000000   Number         0  stubs.o ABSOLUTE
    _printf_n                                0x00000000   Number         0  stubs.o ABSOLUTE
    _printf_o                                0x00000000   Number         0  stubs.o ABSOLUTE
    _printf_p                                0x00000000   Number         0  stubs.o ABSOLUTE
    _printf_percent                          0x00000000   Number         0  stubs.o ABSOLUTE
    _printf_pre_padding                      0x00000000   Number         0  stubs.o ABSOLUTE
    _printf_return_value                     0x00000000   Number         0  stubs.o ABSOLUTE
    _printf_s                                0x00000000   Number         0  stubs.o ABSOLUTE
    _printf_sizespec                         0x00000000   Number         0  stubs.o ABSOLUTE
    _printf_str                              0x00000000   Number         0  stubs.o ABSOLUTE
    _printf_truncate_signed                  0x00000000   Number         0  stubs.o ABSOLUTE
    _printf_truncate_unsigned                0x00000000   Number         0  stubs.o ABSOLUTE
    _printf_u                                0x00000000   Number         0  stubs.o ABSOLUTE
    _printf_wc                               0x00000000   Number         0  stubs.o ABSOLUTE
    _printf_wctomb                           0x00000000   Number         0  stubs.o ABSOLUTE
    _printf_widthprec                        0x00000000   Number         0  stubs.o ABSOLUTE
    _printf_x                                0x00000000   Number         0  stubs.o ABSOLUTE
    __cpp_initialize__aeabi_                  - Undefined Weak Reference
    __cxa_finalize                            - Undefined Weak Reference
    __decompress                              - Undefined Weak Reference
    _clock_init                               - Undefined Weak Reference
    _microlib_exit                            - Undefined Weak Reference
    __Vectors_End                            0x0000026c   Data           0  startup_tm4c123.o(RESET)
    __Vectors_Size                           0x0000026c   Number         0  startup_tm4c123.o ABSOLUTE
    __main                                   0x0000026d   Thumb Code     0  entry.o(.ARM.Collect$$$$00000000)
    _main_stk                                0x0000026d   Thumb Code     0  entry2.o(.ARM.Collect$$$$00000001)
    _main_scatterload                        0x00000271   Thumb Code     0  entry5.o(.ARM.Collect$$$$00000004)
    __main_after_scatterload                 0x00000275   Thumb Code     0  entry5.o(.ARM.Collect$$$$00000004)
    _main_clock                              0x00000275   Thumb Code     0  entry7b.o(.ARM.Collect$$$$00000008)
    _main_cpp_init                           0x00000275   Thumb Code     0  entry8b.o(.ARM.Collect$$$$0000000A)
    _main_init                               0x00000275   Thumb Code     0  entry9a.o(.ARM.Collect$$$$0000000B)
    __rt_final_cpp                           0x0000027d   Thumb Code     0  entry10a.o(.ARM.Collect$$$$0000000D)
    __rt_final_exit                          0x0000027d   Thumb Code     0  entry11a.o(.ARM.Collect$$$$0000000F)
    main                                     0x00000281   Thumb Code    32  main.o(.text)
    Reset_Handler                            0x000002c9   Thumb Code     8  startup_tm4c123.o(.text)
    NMI_Handler                              0x000002d1   Thumb Code     2  startup_tm4c123.o(.text)
    HardFault_Handler                        0x000002d3   Thumb Code     2  startup_tm4c123.o(.text)
    MemManage_Handler                        0x000002d5   Thumb Code     2  startup_tm4c123.o(.text)
    BusFault_Handler                         0x000002d7   Thumb Code     2  startup_tm4c123.o(.text)
    UsageFault_Handler                       0x000002d9   Thumb Code     2  startup_tm4c123.o(.text)
    SVC_Handler                              0x000002db   Thumb Code     2  startup_tm4c123.o(.text)
    DebugMon_Handler                         0x000002dd   Thumb Code     2  startup_tm4c123.o(.text)
    PendSV_Handler                           0x000002df   Thumb Code     2  startup_tm4c123.o(.text)
    SysTick_Handler                          0x000002e1   Thumb Code     2  startup_tm4c123.o(.text)
    GPIOA_Handler                            0x000002e3   Thumb Code     2  startup_tm4c123.o(.text)
    GPIOB_Handler                            0x000002e5   Thumb Code     2  startup_tm4c123.o(.text)
    GPIOC_Handler                            0x000002e7   Thumb Code     2  startup_tm4c123.o(.text)
    GPIOD_Handler                            0x000002e9   Thumb Code     2  startup_tm4c123.o(.text)
    GPIOE_Handler                            0x000002eb   Thumb Code     2  startup_tm4c123.o(.text)
    UART1_Handler                            0x000002ef   Thumb Code     2  startup_tm4c123.o(.text)
    SSI0_Handler                             0x000002f1   Thumb Code     2  startup_tm4c123.o(.text)
    I2C0_Handler                             0x000002f3   Thumb Code     2  startup_tm4c123.o(.text)
    PMW0_FAULT_Handler                       0x000002f5   Thumb Code     2  startup_tm4c123.o(.text)
    PWM0_0_Handler                           0x000002f7   Thumb Code     2  startup_tm4c123.o(.text)
    PWM0_1_Handler                           0x000002f9   Thumb Code     2  startup_tm4c123.o(.text)
    PWM0_2_Handler                           0x000002fb   Thumb Code     2  startup_tm4c123.o(.text)
    QEI0_Handler                             0x000002fd   Thumb Code     2  startup_tm4c123.o(.text)
    ADC0SS1_Handler                          0x00000301   Thumb Code     2  startup_tm4c123.o(.text)
    ADC0SS3_Handler                          0x00000305   Thumb Code     2  startup_tm4c123.o(.text)
    WDT0_Handler                             0x00000307   Thumb Code     2  startup_tm4c123.o(.text)
    TIMER0A_Handler                          0x00000309   Thumb Code     2  startup_tm4c123.o(.text)
    TIMER0B_Handler                          0x0000030b   Thumb Code     2  startup_tm4c123.o(.text)
    TIMER1B_Handler                          0x0000030f   Thumb Code     2  startup_tm4c123.o(.text)
    TIMER2A_Handler                          0x00000311   Thumb Code     2  startup_tm4c123.o(.text)
    TIMER2B_Handler                          0x00000313   Thumb Code     2  startup_tm4c123.o(.text)
    COMP0_Handler                            0x00000315   Thumb Code     2  startup_tm4c123.o(.text)
    COMP1_Handler                            0x00000317   Thumb Code     2  startup_tm4c123.o(.text)
    COMP2_Handler                            0x00000319   Thumb Code     2  startup_tm4c123.o(.text)
    SYSCTL_Handler                           0x0000031b   Thumb Code     2  startup_tm4c123.o(.text)
    FLASH_Handler                            0x0000031d   Thumb Code     2  startup_tm4c123.o(.text)
    GPIOG_Handler                            0x00000321   Thumb Code     2  startup_tm4c123.o(.text)
    GPIOH_Handler                            0x00000323   Thumb Code     2  startup_tm4c123.o(.text)
    UART2_Handler                            0x00000325   Thumb Code     2  startup_tm4c123.o(.text)
    SSI1_Handler                             0x00000327   Thumb Code     2  startup_tm4c123.o(.text)
    TIMER3B_Handler                          0x0000032b   Thumb Code     2  startup_tm4c123.o(.text)
    I2C1_Handler                             0x0000032d   Thumb Code     2  startup_tm4c123.o(.text)
    QEI1_Handler                             0x0000032f   Thumb Code     2  startup_tm4c123.o(.text)
    CAN0_Handler                             0x00000331   Thumb Code     2  startup_tm4c123.o(.text)
    CAN1_Handler                             0x00000333   Thumb Code     2  startup_tm4c123.o(.text)
    CAN2_Handler                             0x00000335   Thumb Code     2  startup_tm4c123.o(.text)
    HIB_Handler                              0x00000337   Thumb Code     2  startup_tm4c123.o(.text)
    USB0_Handler                             0x00000339   Thumb Code     2  startup_tm4c123.o(.text)
    PWM0_3_Handler                           0x0000033b   Thumb Code     2  startup_tm4c123.o(.text)
    UDMA_Handler                             0x0000033d   Thumb Code     2  startup_tm4c123.o(.text)
    UDMAERR_Handler                          0x0000033f   Thumb Code     2  startup_tm4c123.o(.text)
    ADC1SS0_Handler                          0x00000341   Thumb Code     2  startup_tm4c123.o(.text)
    ADC1SS1_Handler                          0x00000343   Thumb Code     2  startup_tm4c123.o(.text)
    ADC1SS3_Handler                          0x00000347   Thumb Code     2  startup_tm4c123.o(.text)
    GPIOJ_Handler                            0x00000349   Thumb Code     2  startup_tm4c123.o(.text)
    GPIOK_Handler                            0x0000034b   Thumb Code     2  startup_tm4c123.o(.text)
    GPIOL_Handler                            0x0000034d   Thumb Code     2  startup_tm4c123.o(.text)
    SSI2_Handler                             0x0000034f   Thumb Code     2  startup_tm4c123.o(.text)
    SSI3_Handler                             0x00000351   Thumb Code     2  startup_tm4c123.o(.text)
    UART3_Handler                            0x00000353   Thumb Code     2  startup_tm4c123.o(.text)
    UART4_Handler                            0x00000355   Thumb Code     2  startup_tm4c123.o(.text)
    UART5_Handler                            0x00000357   Thumb Code     2  startup_tm4c123.o(.text)
    UART6_Handler                            0x00000359   Thumb Code     2  startup_tm4c123.o(.text)
    UART7_Handler                            0x0000035b   Thumb Code     2  startup_tm4c123.o(.text)
    I2C2_Handler                             0x0000035d   Thumb Code     2  startup_tm4c123.o(.text)
    I2C3_Handler                             0x0000035f   Thumb Code     2  startup_tm4c123.o(.text)
    TIMER4A_Handler                          0x00000361   Thumb Code     2  startup_tm4c123.o(.text)
    TIMER4B_Handler                          0x00000363   Thumb Code     2  startup_tm4c123.o(.text)
    TIMER5B_Handler                          0x00000367   Thumb Code     2  startup_tm4c123.o(.text)
    WTIMER0A_Handler                         0x00000369   Thumb Code     2  startup_tm4c123.o(.text)
    WTIMER0B_Handler                         0x0000036b   Thumb Code     2  startup_tm4c123.o(.text)
    WTIMER1A_Handler                         0x0000036d   Thumb Code     2  startup_tm4c123.o(.text)
    WTIMER1B_Handler                         0x0000036f   Thumb Code     2  startup_tm4c123.o(.text)
    WTIMER2A_Handler                         0x00000371   Thumb Code     2  startup_tm4c123.o(.text)
    WTIMER2B_Handler                         0x00000373   Thumb Code     2  startup_tm4c123.o(.text)
    WTIMER3A_Handler                         0x00000375   Thumb Code     2  startup_tm4c123.o(.text)
    WTIMER3B_Handler                         0x00000377   Thumb Code     2  startup_tm4c123.o(.text)
    WTIMER4A_Handler                         0x00000379   Thumb Code     2  startup_tm4c123.o(.text)
    WTIMER4B_Handler                         0x0000037b   Thumb Code     2  startup_tm4c123.o(.text)
    WTIMER5A_Handler                         0x0000037d   Thumb Code     2  startup_tm4c123.o(.text)
    WTIMER5B_Handler                         0x0000037f   Thumb Code     2  startup_tm4c123.o(.text)
    FPU_Handler                              0x00000381   Thumb Code     2  startup_tm4c123.o(.text)
    I2C4_Handler                             0x00000383   Thumb Code     2  startup_tm4c123.o(.text)
    I2C5_Handler                             0x00000385   Thumb Code     2  startup_tm4c123.o(.text)
    GPIOM_Handler                            0x00000387   Thumb Code     2  startup_tm4c123.o(.text)
    GPION_Handler                            0x00000389   Thumb Code     2  startup_tm4c123.o(.text)
    QEI2_Handler                             0x0000038b   Thumb Code     2  startup_tm4c123.o(.text)
    GPIOP0_Handler                           0x0000038d   Thumb Code     2  startup_tm4c123.o(.text)
    GPIOP1_Handler                           0x0000038f   Thumb Code     2  startup_tm4c123.o(.text)
    GPIOP2_Handler                           0x00000391   Thumb Code     2  startup_tm4c123.o(.text)
    GPIOP3_Handler                           0x00000393   Thumb Code     2  startup_tm4c123.o(.text)
    GPIOP4_Handler                           0x00000395   Thumb Code     2  startup_tm4c123.o(.text)
    GPIOP5_Handler                           0x00000397   Thumb Code     2  startup_tm4c123.o(.text)
    GPIOP6_Handler                           0x00000399   Thumb Code     2  startup_tm4c123.o(.text)
    GPIOP7_Handler                           0x0000039b   Thumb Code     2  startup_tm4c123.o(.text)
    GPIOQ0_Handler                           0x0000039d   Thumb Code     2  startup_tm4c123.o(.text)
    GPIOQ1_Handler                           0x0000039f   Thumb Code     2  startup_tm4c123.o(.text)
    GPIOQ2_Handler                           0x000003a1   Thumb Code     2  startup_tm4c123.o(.text)
    GPIOQ3_Handler                           0x000003a3   Thumb Code     2  startup_tm4c123.o(.text)
    GPIOQ4_Handler                           0x000003a5   Thumb Code     2  startup_tm4c123.o(.text)
    GPIOQ5_Handler                           0x000003a7   Thumb Code     2  startup_tm4c123.o(.text)
    GPIOQ6_Handler                           0x000003a9   Thumb Code     2  startup_tm4c123.o(.text)
    GPIOQ7_Handler                           0x000003ab   Thumb Code     2  startup_tm4c123.o(.text)
    GPIOR_Handler                            0x000003ad   Thumb Code     2  startup_tm4c123.o(.text)
    GPIOS_Handler                            0x000003af   Thumb Code     2  startup_tm4c123.o(.text)
    PMW1_0_Handler                           0x000003b1   Thumb Code     2  startup_tm4c123.o(.text)
    PWM1_1_Handler                           0x000003b3   Thumb Code     2  startup_tm4c123.o(.text)
    PWM1_2_Handler                           0x000003b5   Thumb Code     2  startup_tm4c123.o(.text)
    PWM1_3_Handler                           0x000003b7   Thumb Code     2  startup_tm4c123.o(.text)
    PWM1_FAULT_Handler                       0x000003b9   Thumb Code     2  startup_tm4c123.o(.text)
    SystemCoreClockUpdate                    0x0000047b   Thumb Code   184  system_tm4c123.o(.text)
    SystemInit                               0x00000533   Thumb Code   112  system_tm4c123.o(.text)
    ece210_buttons_read                      0x00000657   Thumb Code    58  ece210_api.o(.text)
    ece210_switches_read                     0x00000691   Thumb Code    16  ece210_api.o(.text)
    ece210_red_leds_write                    0x000006a1   Thumb Code    14  ece210_api.o(.text)
    ece210_tiva_rgb_write                    0x000006af   Thumb Code    18  ece210_api.o(.text)
    EnableInterrupts                         0x000006c1   Thumb Code     4  ece210_api.o(.text)
    DisableInterrupts                        0x000006c5   Thumb Code     4  ece210_api.o(.text)
    ece210_ws2812b_write                     0x000006c9   Thumb Code    76  ece210_api.o(.text)
    ece210_wait_mSec                         0x00000715   Thumb Code    40  ece210_api.o(.text)
    ece210_wait_uSec                         0x0000073d   Thumb Code    38  ece210_api.o(.text)
    ece210_ps2_read_x                        0x000007b3   Thumb Code     8  ece210_api.o(.text)
    ece210_ps2_read_y                        0x000007bb   Thumb Code     8  ece210_api.o(.text)
    ece210_ps2_read_position                 0x000007c3   Thumb Code    58  ece210_api.o(.text)
    ece210_audio_headphone_out               0x000007fd   Thumb Code    18  ece210_api.o(.text)
    ece210_audio_buzzer_out                  0x0000080f   Thumb Code    18  ece210_api.o(.text)
    ece210_draw_pixel                        0x00000821   Thumb Code    24  ece210_api.o(.text)
    ece210_lcd_draw_pixel                    0x00000839   Thumb Code    24  ece210_api.o(.text)
    ece210_lcd_draw_line                     0x00000851   Thumb Code    36  ece210_api.o(.text)
    ece210_lcd_draw_circle                   0x00000875   Thumb Code    28  ece210_api.o(.text)
    ece210_lcd_print_string                  0x00000891   Thumb Code    46  ece210_api.o(.text)
    ece210_audio_init                        0x000008bf   Thumb Code    12  ece210_api.o(.text)
    ece210_audio_read                        0x000008cb   Thumb Code     6  ece210_api.o(.text)
    ece210_wireless_init                     0x000008d1   Thumb Code    72  ece210_api.o(.text)
    ece210_wireless_send                     0x00000919   Thumb Code    32  ece210_api.o(.text)
    ece210_wireless_data_avaiable            0x00000939   Thumb Code    36  ece210_api.o(.text)
    ece210_wireless_get                      0x0000095d   Thumb Code     6  ece210_api.o(.text)
    ece210_initialize_board                  0x00000963   Thumb Code   102  ece210_api.o(.text)
    ece210_lcd_add_msg                       0x000009c9   Thumb Code    20  ece210_api.o(.text)
    ece210_lcd_draw_rectangle                0x000009dd   Thumb Code    92  ece210_api.o(.text)
    ece210_lcd_draw_image                    0x00000a39   Thumb Code    40  ece210_api.o(.text)
    TIMER1A_Handler                          0x00000a61   Thumb Code    20  ece210_api.o(.text)
    GPIOF_Handler                            0x00000a75   Thumb Code    66  ece210_api.o(.text)
    timer0Init                               0x00000aed   Thumb Code   124  gptimer.o(.text)
    gp_timer_enable_clock                    0x00000b69   Thumb Code   232  gptimer.o(.text)
    gp_timer_PWM                             0x00000c51   Thumb Code    66  gptimer.o(.text)
    gp_timer_start_count                     0x00000c93   Thumb Code    52  gptimer.o(.text)
    gp_timer_stop_count                      0x00000cc7   Thumb Code    18  gptimer.o(.text)
    gp_timer_configA                         0x00000cd9   Thumb Code    62  gptimer.o(.text)
    gp_timer_configB                         0x00000d17   Thumb Code    66  gptimer.o(.text)
    gp_timer_config                          0x00000d59   Thumb Code    68  gptimer.o(.text)
    gp_timer_enable                          0x00000d9d   Thumb Code    30  gptimer.o(.text)
    gp_timer_disable                         0x00000dbb   Thumb Code    30  gptimer.o(.text)
    gp_timer_get_count                       0x00000dd9   Thumb Code     8  gptimer.o(.text)
    gp_timer_set_32_bit_period               0x00000de1   Thumb Code    34  gptimer.o(.text)
    ft6x06_set_addr                          0x00000e35   Thumb Code    58  ft6x06.o(.text)
    ft6x06_write_data                        0x00000e6f   Thumb Code    82  ft6x06.o(.text)
    ft6x06_read_data                         0x00000ec1   Thumb Code    58  ft6x06.o(.text)
    ft6x06_init                              0x00000efb   Thumb Code   240  ft6x06.o(.text)
    test_ft6x06                              0x00000feb   Thumb Code    98  ft6x06.o(.text)
    io_expander_write_reg                    0x000010ed   Thumb Code    38  io_expander.o(.text)
    io_expander_read_reg                     0x00001113   Thumb Code    50  io_expander.o(.text)
    io_expander_configure_portA              0x00001145   Thumb Code    12  io_expander.o(.text)
    io_expander_configure_portB              0x00001151   Thumb Code    36  io_expander.o(.text)
    io_expander_init                         0x00001175   Thumb Code   256  io_expander.o(.text)
    delayms                                  0x0000127d   Thumb Code    26  lcd.o(.text)
    lcd_set_pos                              0x00001319   Thumb Code    58  lcd.o(.text)
    lcd_clear_screen                         0x00001353   Thumb Code    52  lcd.o(.text)
    lcd_draw_box                             0x00001387   Thumb Code   138  lcd.o(.text)
    lcd_draw_rectangle                       0x00001411   Thumb Code    82  lcd.o(.text)
    lcd_draw_pixel                           0x00001463   Thumb Code    28  lcd.o(.text)
    lcd_draw_char                            0x0000147f   Thumb Code   558  lcd.o(.text)
    lcd_draw_image_right                     0x000016ad   Thumb Code   184  lcd.o(.text)
    lcd_draw_image                           0x00001765   Thumb Code   242  lcd.o(.text)
    lcd_config_gpio                          0x00001857   Thumb Code   222  lcd.o(.text)
    lcd_config_screen                        0x00001935   Thumb Code   544  lcd.o(.text)
    lcd_draw_line                            0x00001b55   Thumb Code   200  lcd.o(.text)
    lcd_draw_circle                          0x00001c1d   Thumb Code   366  lcd.o(.text)
    lcd_print_char                           0x00001d8b   Thumb Code   140  lcd_fonts.o(.text)
    lcd_print_string                         0x00001e17   Thumb Code   248  lcd_fonts.o(.text)
    terminal_init_screen                     0x00001f7d   Thumb Code    50  lcd_terminal.o(.text)
    terminal_get_strings                     0x00001faf   Thumb Code   202  lcd_terminal.o(.text)
    terminal_scroll                          0x00002079   Thumb Code   230  lcd_terminal.o(.text)
    terminal_add_msg                         0x0000215f   Thumb Code   224  lcd_terminal.o(.text)
    terminal_bubble_message                  0x0000223f   Thumb Code   252  lcd_terminal.o(.text)
    terminal_input_print_char                0x0000233b   Thumb Code   158  lcd_terminal.o(.text)
    terminal_init_input_box                  0x000023d9   Thumb Code   190  lcd_terminal.o(.text)
    terminal_input_rotate_char               0x00002497   Thumb Code   410  lcd_terminal.o(.text)
    terminal_input_next_char                 0x00002631   Thumb Code   322  lcd_terminal.o(.text)
    terminal_input_prev_char                 0x00002773   Thumb Code   154  lcd_terminal.o(.text)
    terminal_input_upper_case                0x0000280d   Thumb Code    92  lcd_terminal.o(.text)
    terminal_input_lower_case                0x00002869   Thumb Code    92  lcd_terminal.o(.text)
    terminal_input_symbols                   0x000028c5   Thumb Code    94  lcd_terminal.o(.text)
    terminal_input_clear                     0x00002923   Thumb Code   202  lcd_terminal.o(.text)
    terminal_input_get_string                0x000029ed   Thumb Code    48  lcd_terminal.o(.text)
    ps2_initialize_adc                       0x00002b1f   Thumb Code    88  ps2.o(.text)
    ps2_initialize                           0x00002bc7   Thumb Code    16  ps2.o(.text)
    ps2_get_x                                0x00002bd7   Thumb Code     6  ps2.o(.text)
    ps2_get_y                                0x00002bdd   Thumb Code     6  ps2.o(.text)
    ps2_get_direction                        0x00002be3   Thumb Code    12  ps2.o(.text)
    TIMER5A_Handler                          0x00002bef   Thumb Code    30  ps2.o(.text)
    ADC0SS0_Handler                          0x00002c0d   Thumb Code   154  ps2.o(.text)
    ADC0SS2_Handler                          0x00002ca7   Thumb Code    40  ps2.o(.text)
    serial_debug_rx                          0x00002d21   Thumb Code    46  serial_debug.o(.text)
    serial_debug_tx                          0x00002d4f   Thumb Code    72  serial_debug.o(.text)
    fputc                                    0x00002d97   Thumb Code    66  serial_debug.o(.text)
    fgetc                                    0x00002dd9   Thumb Code    50  serial_debug.o(.text)
    init_serial_debug                        0x00002e0b   Thumb Code   132  serial_debug.o(.text)
    UART0_Handler                            0x00002e8f   Thumb Code   136  serial_debug.o(.text)
    spi_select                               0x00002f31   Thumb Code    62  spi_select.o(.text)
    spi_select_init                          0x00002f6f   Thumb Code    92  spi_select.o(.text)
    wait_uS_15                               0x00002fd5   Thumb Code    14  wireless.o(.text)
    wireless_send_32                         0x00003119   Thumb Code   302  wireless.o(.text)
    wireless_get_32                          0x00003247   Thumb Code   130  wireless.o(.text)
    wireless_configure_device                0x000032c9   Thumb Code   202  wireless.o(.text)
    wireless_initialize                      0x00003393   Thumb Code   202  wireless.o(.text)
    lp_io_set_pin                            0x0000352d   Thumb Code    18  launchpad_io.o(.text)
    lp_io_clear_pin                          0x0000353f   Thumb Code    18  launchpad_io.o(.text)
    lp_io_read_pin                           0x00003551   Thumb Code    22  launchpad_io.o(.text)
    lp_io_init                               0x00003567   Thumb Code   112  launchpad_io.o(.text)
    mezz_initialize_adc                      0x000035f1   Thumb Code   200  mezz_audio.o(.text)
    mezz_audio_set_headphone                 0x000036b9   Thumb Code    14  mezz_audio.o(.text)
    mezz_audio_set_buzzer                    0x000036c7   Thumb Code    14  mezz_audio.o(.text)
    mezz_audio_init                          0x00003745   Thumb Code    30  mezz_audio.o(.text)
    TIMER3A_Handler                          0x00003763   Thumb Code    26  mezz_audio.o(.text)
    ADC1SS2_Handler                          0x0000377d   Thumb Code    30  mezz_audio.o(.text)
    adc_get_irq_num                          0x000037db   Thumb Code    32  adc.o(.text)
    adc_get_rcgc_mask                        0x000037fb   Thumb Code    28  adc.o(.text)
    adc_get_pr_mask                          0x00003817   Thumb Code    28  adc.o(.text)
    initialize_adc                           0x00003833   Thumb Code   110  adc.o(.text)
    get_adc_value                            0x000038a1   Thumb Code    58  adc.o(.text)
    gpio_get_irq_num                         0x00003929   Thumb Code    74  gpio_port.o(.text)
    gpio_enable_port                         0x00003973   Thumb Code   156  gpio_port.o(.text)
    gpio_config_digital_enable               0x00003a0f   Thumb Code    34  gpio_port.o(.text)
    gpio_config_enable_output                0x00003a31   Thumb Code    34  gpio_port.o(.text)
    gpio_config_enable_input                 0x00003a53   Thumb Code    34  gpio_port.o(.text)
    gpio_config_enable_pullup                0x00003a75   Thumb Code    34  gpio_port.o(.text)
    gpio_config_enable_pulldown              0x00003a97   Thumb Code    34  gpio_port.o(.text)
    gpio_config_analog_enable                0x00003ab9   Thumb Code    34  gpio_port.o(.text)
    gpio_config_alternate_function           0x00003adb   Thumb Code    34  gpio_port.o(.text)
    gpio_config_port_control                 0x00003afd   Thumb Code    54  gpio_port.o(.text)
    gpio_config_open_drain                   0x00003b33   Thumb Code    34  gpio_port.o(.text)
    gpio_config_falling_edge_irq             0x00003b55   Thumb Code    56  gpio_port.o(.text)
    initializeI2CMaster                      0x00003bad   Thumb Code   160  i2c.o(.text)
    i2cVerifyBaseAddr                        0x00003c4d   Thumb Code    36  i2c.o(.text)
    i2cSetSlaveAddr                          0x00003c71   Thumb Code    30  i2c.o(.text)
    i2cStop                                  0x00003c8f   Thumb Code    26  i2c.o(.text)
    I2CMasterBusy                            0x00003ca9   Thumb Code    34  i2c.o(.text)
    I2CMasterAdrAck                          0x00003ccb   Thumb Code    34  i2c.o(.text)
    I2CMasterDatAck                          0x00003ced   Thumb Code    34  i2c.o(.text)
    i2cSendByte                              0x00003d0f   Thumb Code    82  i2c.o(.text)
    i2cGetByte                               0x00003d61   Thumb Code    60  i2c.o(.text)
    pc_buffer_init                           0x00003db5   Thumb Code    26  pc_buffer.o(.text)
    pc_buffer_add                            0x00003dcf   Thumb Code    28  pc_buffer.o(.text)
    pc_buffer_remove                         0x00003deb   Thumb Code    30  pc_buffer.o(.text)
    pc_buffer_empty                          0x00003e09   Thumb Code    18  pc_buffer.o(.text)
    pc_buffer_full                           0x00003e1b   Thumb Code    22  pc_buffer.o(.text)
    spiVerifyBaseAddr                        0x00003e31   Thumb Code    34  spi.o(.text)
    initialize_spi                           0x00003e53   Thumb Code   244  spi.o(.text)
    spiTx                                    0x00003f47   Thumb Code    94  spi.o(.text)
    verify_uart_base                         0x00003fbd   Thumb Code    54  uart.o(.text)
    uart_get_rcgc_mask                       0x00003ff3   Thumb Code    68  uart.o(.text)
    uart_get_pr_mask                         0x00004037   Thumb Code    68  uart.o(.text)
    uart_get_irq_num                         0x0000407b   Thumb Code    68  uart.o(.text)
    uart_tx_poll                             0x000040bf   Thumb Code    38  uart.o(.text)
    uart_tx_poll_string                      0x000040e5   Thumb Code    50  uart.o(.text)
    uart_rx_poll                             0x00004117   Thumb Code    70  uart.o(.text)
    uart_init                                0x0000415d   Thumb Code   190  uart.o(.text)
    spi_dac_byte_write                       0x0000422d   Thumb Code    86  dac122s085.o(.text)
    spi_dac_init                             0x00004283   Thumb Code   164  dac122s085.o(.text)
    __aeabi_memset                           0x00004341   Thumb Code    14  memseta.o(.text)
    __aeabi_memset4                          0x00004341   Thumb Code     0  memseta.o(.text)
    __aeabi_memset8                          0x00004341   Thumb Code     0  memseta.o(.text)
    __aeabi_memclr                           0x0000434f   Thumb Code     4  memseta.o(.text)
    __aeabi_memclr4                          0x0000434f   Thumb Code     0  memseta.o(.text)
    __aeabi_memclr8                          0x0000434f   Thumb Code     0  memseta.o(.text)
    _memset$wrapper                          0x00004353   Thumb Code    18  memseta.o(.text)
    strcpy                                   0x00004365   Thumb Code    18  strcpy.o(.text)
    __aeabi_uldivmod                         0x00004377   Thumb Code    98  uldiv.o(.text)
    __scatterload                            0x000043d9   Thumb Code    28  init.o(.text)
    __scatterload_rt2                        0x000043d9   Thumb Code     0  init.o(.text)
    __aeabi_llsl                             0x000043fd   Thumb Code    30  llshl.o(.text)
    _ll_shift_l                              0x000043fd   Thumb Code     0  llshl.o(.text)
    __aeabi_llsr                             0x0000441b   Thumb Code    32  llushr.o(.text)
    _ll_ushift_r                             0x0000441b   Thumb Code     0  llushr.o(.text)
    WS2812B_write                            0x0000443d   Thumb Code   160  ws2812b_1.o(FLASH)
    __0printf$8                              0x000044dd   Thumb Code    22  printf8.o(i.__0printf$8)
    __1printf$8                              0x000044dd   Thumb Code     0  printf8.o(i.__0printf$8)
    __2printf                                0x000044dd   Thumb Code     0  printf8.o(i.__0printf$8)
    __scatterload_copy                       0x000044fd   Thumb Code    14  handlers.o(i.__scatterload_copy)
    __scatterload_null                       0x0000450b   Thumb Code     2  handlers.o(i.__scatterload_null)
    __scatterload_zeroinit                   0x0000450d   Thumb Code    14  handlers.o(i.__scatterload_zeroinit)
    free                                     0x00004981   Thumb Code    76  malloc.o(i.free)
    malloc                                   0x000049d1   Thumb Code    92  malloc.o(i.malloc)
    calibri_14ptBitmaps                      0x00004a3c   Data        2074  lcd_fonts.o(.constdata)
    calibri_14ptDescriptors                  0x00005256   Data         380  lcd_fonts.o(.constdata)
    calibri_14ptFontInfo                     0x000053d4   Data          12  lcd_fonts.o(.constdata)
    calibri_48ptBitmaps                      0x000053e0   Data        1680  lcd_fonts.o(.constdata)
    calibri_48ptDescriptors                  0x00005a70   Data          40  lcd_fonts.o(.constdata)
    calibri_48ptFontInfo                     0x00005a98   Data          12  lcd_fonts.o(.constdata)
    Region$$Table$$Base                      0x00005aa4   Number         0  anon$$obj.o(Region$$Table)
    Region$$Table$$Limit                     0x00005ac4   Number         0  anon$$obj.o(Region$$Table)
    SystemCoreClock                          0x20000000   Data           4  system_tm4c123.o(.data)
    ALERT_AUDIO_COMP                         0x20000004   Data           1  ece210_api.o(.data)
    AlertTouch                               0x2000000c   Data           1  ece210_api.o(.data)
    AlertButtons                             0x2000000d   Data           1  ece210_api.o(.data)
    User_Input_Index                         0x2000000e   Data           1  lcd_terminal.o(.data)
    AUDIO_DATA                               0x20000018   Data           2  mezz_audio.o(.data)
    ALERT_ADC                                0x2000001a   Data           1  mezz_audio.o(.data)
    __stdout                                 0x2000001c   Data           4  stdout.o(.data)
    __microlib_freelist                      0x20000020   Data           4  mvars.o(.data)
    __microlib_freelist_initialised          0x20000024   Data           4  mvars.o(.data)
    LCD_Terminal                             0x20000040   Data        1540  lcd_terminal.o(.bss)
    User_Input                               0x20000644   Data         960  lcd_terminal.o(.bss)
    UART0_Tx_Buffer                          0x20000a04   Data          14  serial_debug.o(.bss)
    UART0_Rx_Buffer                          0x20000a12   Data          14  serial_debug.o(.bss)
    __heap_base                              0x20000a20   Data           0  startup_tm4c123.o(HEAP)
    __heap_limit                             0x20000a20   Data           0  startup_tm4c123.o(HEAP)
    __initial_sp                             0x20000c20   Data           0  startup_tm4c123.o(STACK)



==============================================================================

Memory Map of the image

  Image Entry point : 0x000002c9

  Load Region LR_1 (Base: 0x00000000, Size: 0x00005aec, Max: 0xffffffff, ABSOLUTE)

    Execution Region ER_RO (Base: 0x00000000, Size: 0x00005ac4, Max: 0xffffffff, ABSOLUTE)

    Base Addr    Size         Type   Attr      Idx    E Section Name        Object

    0x00000000   0x0000026c   Data   RO          100    RESET               startup_tm4c123.o
    0x0000026c   0x00000000   Code   RO          794  * .ARM.Collect$$$$00000000  mc_w.l(entry.o)
    0x0000026c   0x00000004   Code   RO         1091    .ARM.Collect$$$$00000001  mc_w.l(entry2.o)
    0x00000270   0x00000004   Code   RO         1094    .ARM.Collect$$$$00000004  mc_w.l(entry5.o)
    0x00000274   0x00000000   Code   RO         1096    .ARM.Collect$$$$00000008  mc_w.l(entry7b.o)
    0x00000274   0x00000000   Code   RO         1098    .ARM.Collect$$$$0000000A  mc_w.l(entry8b.o)
    0x00000274   0x00000008   Code   RO         1099    .ARM.Collect$$$$0000000B  mc_w.l(entry9a.o)
    0x0000027c   0x00000000   Code   RO         1101    .ARM.Collect$$$$0000000D  mc_w.l(entry10a.o)
    0x0000027c   0x00000000   Code   RO         1103    .ARM.Collect$$$$0000000F  mc_w.l(entry11a.o)
    0x0000027c   0x00000004   Code   RO         1092    .ARM.Collect$$$$00002712  mc_w.l(entry2.o)
    0x00000280   0x00000048   Code   RO           77    .text               main.o
    0x000002c8   0x000000fc   Code   RO          101  * .text               startup_tm4c123.o
    0x000003c4   0x0000024c   Code   RO          108    .text               system_tm4c123.o
    0x00000610   0x000004bc   Code   RO          138    .text               ece210.lib(ece210_api.o)
    0x00000acc   0x00000368   Code   RO          279    .text               ece210.lib(gptimer.o)
    0x00000e34   0x000002b8   Code   RO          311    .text               ece210.lib(ft6x06.o)
    0x000010ec   0x00000190   Code   RO          339    .text               ece210.lib(io_expander.o)
    0x0000127c   0x00000b0e   Code   RO          370    .text               ece210.lib(lcd.o)
    0x00001d8a   0x00000184   Code   RO          394    .text               ece210.lib(lcd_fonts.o)
    0x00001f0e   0x00000002   PAD
    0x00001f10   0x00000b18   Code   RO          424    .text               ece210.lib(lcd_terminal.o)
    0x00002a28   0x000002f8   Code   RO          462    .text               ece210.lib(ps2.o)
    0x00002d20   0x00000210   Code   RO          492    .text               ece210.lib(serial_debug.o)
    0x00002f30   0x000000a4   Code   RO          528    .text               ece210.lib(spi_select.o)
    0x00002fd4   0x00000558   Code   RO          552    .text               ece210.lib(wireless.o)
    0x0000352c   0x000000c4   Code   RO          587    .text               ece210.lib(launchpad_io.o)
    0x000035f0   0x000001d0   Code   RO          611    .text               ece210.lib(mezz_audio.o)
    0x000037c0   0x00000128   Code   RO          641    .text               ece210.lib(adc.o)
    0x000038e8   0x000002c4   Code   RO          665    .text               ece210.lib(gpio_port.o)
    0x00003bac   0x00000208   Code   RO          689    .text               ece210.lib(i2c.o)
    0x00003db4   0x0000007c   Code   RO          710    .text               ece210.lib(pc_buffer.o)
    0x00003e30   0x0000018c   Code   RO          725    .text               ece210.lib(spi.o)
    0x00003fbc   0x00000270   Code   RO          749    .text               ece210.lib(uart.o)
    0x0000422c   0x00000114   Code   RO          773    .text               ece210.lib(dac122s085.o)
    0x00004340   0x00000024   Code   RO          798    .text               mc_w.l(memseta.o)
    0x00004364   0x00000012   Code   RO          800    .text               mc_w.l(strcpy.o)
    0x00004376   0x00000062   Code   RO         1107    .text               mc_w.l(uldiv.o)
    0x000043d8   0x00000024   Code   RO         1126    .text               mc_w.l(init.o)
    0x000043fc   0x0000001e   Code   RO         1128    .text               mc_w.l(llshl.o)
    0x0000441a   0x00000020   Code   RO         1130    .text               mc_w.l(llushr.o)
    0x0000443a   0x00000002   PAD
    0x0000443c   0x000000a0   Code   RO          580    FLASH               ece210.lib(ws2812b_1.o)
    0x000044dc   0x00000020   Code   RO         1009    i.__0printf$8       mc_w.l(printf8.o)
    0x000044fc   0x0000000e   Code   RO         1138    i.__scatterload_copy  mc_w.l(handlers.o)
    0x0000450a   0x00000002   Code   RO         1139    i.__scatterload_null  mc_w.l(handlers.o)
    0x0000450c   0x0000000e   Code   RO         1140    i.__scatterload_zeroinit  mc_w.l(handlers.o)
    0x0000451a   0x00000002   PAD
    0x0000451c   0x00000410   Code   RO         1016    i._printf_core      mc_w.l(printf8.o)
    0x0000492c   0x00000024   Code   RO         1017    i._printf_post_padding  mc_w.l(printf8.o)
    0x00004950   0x0000002e   Code   RO         1018    i._printf_pre_padding  mc_w.l(printf8.o)
    0x0000497e   0x00000002   PAD
    0x00004980   0x00000050   Code   RO         1063    i.free              mc_w.l(malloc.o)
    0x000049d0   0x0000006c   Code   RO         1064    i.malloc            mc_w.l(malloc.o)
    0x00004a3c   0x00001068   Data   RO          395    .constdata          ece210.lib(lcd_fonts.o)
    0x00005aa4   0x00000020   Data   RO         1136    Region$$Table       anon$$obj.o


    Execution Region ER_RW (Base: 0x20000000, Size: 0x00000028, Max: 0xffffffff, ABSOLUTE)

    Base Addr    Size         Type   Attr      Idx    E Section Name        Object

    0x20000000   0x00000004   Data   RW          109    .data               system_tm4c123.o
    0x20000004   0x0000000a   Data   RW          140    .data               ece210.lib(ece210_api.o)
    0x2000000e   0x00000001   Data   RW          426    .data               ece210.lib(lcd_terminal.o)
    0x2000000f   0x00000001   PAD
    0x20000010   0x00000005   Data   RW          463    .data               ece210.lib(ps2.o)
    0x20000015   0x00000002   Data   RW          494    .data               ece210.lib(serial_debug.o)
    0x20000017   0x00000001   PAD
    0x20000018   0x00000003   Data   RW          612    .data               ece210.lib(mezz_audio.o)
    0x2000001b   0x00000001   PAD
    0x2000001c   0x00000004   Data   RW          797    .data               mc_w.l(stdout.o)
    0x20000020   0x00000004   Data   RW         1113    .data               mc_w.l(mvars.o)
    0x20000024   0x00000004   Data   RW         1114    .data               mc_w.l(mvars.o)


    Execution Region ER_ZI (Base: 0x20000028, Size: 0x00000bf8, Max: 0xffffffff, ABSOLUTE)

    Base Addr    Size         Type   Attr      Idx    E Section Name        Object

    0x20000028   0x00000018   Zero   RW          139    .bss                ece210.lib(ece210_api.o)
    0x20000040   0x000009c4   Zero   RW          425    .bss                ece210.lib(lcd_terminal.o)
    0x20000a04   0x0000001c   Zero   RW          493    .bss                ece210.lib(serial_debug.o)
    0x20000a20   0x00000000   Zero   RW           99    HEAP                startup_tm4c123.o
    0x20000a20   0x00000200   Zero   RW           98    STACK               startup_tm4c123.o


==============================================================================

Image component sizes


      Code (inc. data)   RO Data    RW Data    ZI Data      Debug   Object Name

         0          0          0          0          0       4532   lab_buttons.o
        72         40          0          0          0        447   main.o
       252         10        620          0        512       5412   startup_tm4c123.o
       588        134          0          4          0       1497   system_tm4c123.o

    ----------------------------------------------------------------------
       912        184        652          4        512      11888   Object Totals
         0          0         32          0          0          0   (incl. Generated)
         0          0          0          0          0          0   (incl. Padding)

    ----------------------------------------------------------------------

      Code (inc. data)   RO Data    RW Data    ZI Data      Debug   Library Member Name

       296         14          0          0          0       2641   adc.o
       276          8          0          0          0       1390   dac122s085.o
      1212         78          0         10         24      50195   ece210_api.o
       696        160          0          0          0      29084   ft6x06.o
       708         32          0          0          0       5170   gpio_port.o
       872         28          0          0          0      31273   gptimer.o
       520         24          0          0          0       3681   i2c.o
       400          8          0          0          0       1670   io_expander.o
       196         26          0          0          0       1834   launchpad_io.o
      2830         38          0          0          0       7764   lcd.o
       388          0       4200          0          0       3494   lcd_fonts.o
      2840         40          0          1       2500       6101   lcd_terminal.o
       464         38          0          3          0       2940   mezz_audio.o
       124          0          0          0          0       1951   pc_buffer.o
       760         60          0          5          0      29881   ps2.o
       528         26          0          2         28       5553   serial_debug.o
       396         24          0          0          0       1881   spi.o
       164         10          0          0          0        881   spi_select.o
       624         50          0          0          0       3376   uart.o
      1368         28          0          0          0      12392   wireless.o
       160          0          0          0          0        480   ws2812b_1.o
         0          0          0          0          0          0   entry.o
         0          0          0          0          0          0   entry10a.o
         0          0          0          0          0          0   entry11a.o
         8          4          0          0          0          0   entry2.o
         4          0          0          0          0          0   entry5.o
         0          0          0          0          0          0   entry7b.o
         0          0          0          0          0          0   entry8b.o
         8          4          0          0          0          0   entry9a.o
        30          0          0          0          0          0   handlers.o
        36          8          0          0          0         68   init.o
        30          0          0          0          0         68   llshl.o
        32          0          0          0          0         68   llushr.o
       188         20          0          0          0        160   malloc.o
        36          0          0          0          0        108   memseta.o
         0          0          0          8          0          0   mvars.o
      1154         54          0          0          0        352   printf8.o
         0          0          0          4          0          0   stdout.o
        18          0          0          0          0         68   strcpy.o
        98          0          0          0          0         92   uldiv.o

    ----------------------------------------------------------------------
     17472        782       4200         36       2552     204616   Library Totals
         8          0          0          3          0          0   (incl. Padding)

    ----------------------------------------------------------------------

      Code (inc. data)   RO Data    RW Data    ZI Data      Debug   Library Name

     15822        692       4200         21       2552     203632   ece210.lib
      1642         90          0         12          0        984   mc_w.l

    ----------------------------------------------------------------------
     17472        782       4200         36       2552     204616   Library Totals

    ----------------------------------------------------------------------

==============================================================================


      Code (inc. data)   RO Data    RW Data    ZI Data      Debug   

     18384        966       4852         40       3064     212240   Grand Totals
     18384        966       4852         40       3064     212240   ELF Image Totals
     18384        966       4852         40          0          0   ROM Totals

==============================================================================

    Total RO  Size (Code + RO Data)                23236 (  22.69kB)
    Total RW  Size (RW Data + ZI Data)              3104 (   3.03kB)
    Total ROM Size (Code + RO Data + RW Data)      23276 (  22.73kB)

==============================================================================

